Archive member included because of file (symbol)

c:/program files (x86)/gnu tools arm embedded/4.9 2014q4/bin/../lib/gcc/arm-none-eabi/4.9.3/../../../../arm-none-eabi/lib/armv7-m\libc_nano.a(lib_a-atoi.o)
                              obj/main/NAZE/io/ledstrip.o (symbol from plugin) (atoi)
c:/program files (x86)/gnu tools arm embedded/4.9 2014q4/bin/../lib/gcc/arm-none-eabi/4.9.3/../../../../arm-none-eabi/lib/armv7-m\libc_nano.a(lib_a-bsearch.o)
                              obj/main/NAZE/io/serial_cli.o (symbol from plugin) (bsearch)
c:/program files (x86)/gnu tools arm embedded/4.9 2014q4/bin/../lib/gcc/arm-none-eabi/4.9.3/../../../../arm-none-eabi/lib/armv7-m\libc_nano.a(lib_a-ctype_.o)
                              obj/main/NAZE/flight/gps_conversion.o (symbol from plugin) (__ctype_ptr__)
c:/program files (x86)/gnu tools arm embedded/4.9 2014q4/bin/../lib/gcc/arm-none-eabi/4.9.3/../../../../arm-none-eabi/lib/armv7-m\libc_nano.a(lib_a-strtok.o)
                              obj/main/NAZE/io/serial_cli.o (symbol from plugin) (strtok)
c:/program files (x86)/gnu tools arm embedded/4.9 2014q4/bin/../lib/gcc/arm-none-eabi/4.9.3/../../../../arm-none-eabi/lib/armv7-m\libc_nano.a(lib_a-strtok_r.o)
                              c:/program files (x86)/gnu tools arm embedded/4.9 2014q4/bin/../lib/gcc/arm-none-eabi/4.9.3/../../../../arm-none-eabi/lib/armv7-m\libc_nano.a(lib_a-strtok.o) (__strtok_r)
c:/program files (x86)/gnu tools arm embedded/4.9 2014q4/bin/../lib/gcc/arm-none-eabi/4.9.3/../../../../arm-none-eabi/lib/armv7-m\libc_nano.a(lib_a-strtol.o)
                              c:/program files (x86)/gnu tools arm embedded/4.9 2014q4/bin/../lib/gcc/arm-none-eabi/4.9.3/../../../../arm-none-eabi/lib/armv7-m\libc_nano.a(lib_a-atoi.o) (_strtol_r)
c:/program files (x86)/gnu tools arm embedded/4.9 2014q4/bin/../lib/gcc/arm-none-eabi/4.9.3/../../../../arm-none-eabi/lib/armv7-m\libc_nano.a(lib_a-impure.o)
                              c:/program files (x86)/gnu tools arm embedded/4.9 2014q4/bin/../lib/gcc/arm-none-eabi/4.9.3/../../../../arm-none-eabi/lib/armv7-m\libc_nano.a(lib_a-strtok.o) (_impure_ptr)
c:/program files (x86)/gnu tools arm embedded/4.9 2014q4/bin/../lib/gcc/arm-none-eabi/4.9.3/../../../../arm-none-eabi/lib/armv7-m\libc_nano.a(lib_a-malloc.o)
                              c:/program files (x86)/gnu tools arm embedded/4.9 2014q4/bin/../lib/gcc/arm-none-eabi/4.9.3/../../../../arm-none-eabi/lib/armv7-m\libc_nano.a(lib_a-strtok.o) (malloc)
c:/program files (x86)/gnu tools arm embedded/4.9 2014q4/bin/../lib/gcc/arm-none-eabi/4.9.3/../../../../arm-none-eabi/lib/armv7-m\libc_nano.a(lib_a-nano-freer.o)
                              c:/program files (x86)/gnu tools arm embedded/4.9 2014q4/bin/../lib/gcc/arm-none-eabi/4.9.3/../../../../arm-none-eabi/lib/armv7-m\libc_nano.a(lib_a-malloc.o) (_free_r)
c:/program files (x86)/gnu tools arm embedded/4.9 2014q4/bin/../lib/gcc/arm-none-eabi/4.9.3/../../../../arm-none-eabi/lib/armv7-m\libc_nano.a(lib_a-nano-mallocr.o)
                              c:/program files (x86)/gnu tools arm embedded/4.9 2014q4/bin/../lib/gcc/arm-none-eabi/4.9.3/../../../../arm-none-eabi/lib/armv7-m\libc_nano.a(lib_a-malloc.o) (_malloc_r)
c:/program files (x86)/gnu tools arm embedded/4.9 2014q4/bin/../lib/gcc/arm-none-eabi/4.9.3/../../../../arm-none-eabi/lib/armv7-m\libc_nano.a(lib_a-sbrkr.o)
                              c:/program files (x86)/gnu tools arm embedded/4.9 2014q4/bin/../lib/gcc/arm-none-eabi/4.9.3/../../../../arm-none-eabi/lib/armv7-m\libc_nano.a(lib_a-nano-mallocr.o) (_sbrk_r)
c:/program files (x86)/gnu tools arm embedded/4.9 2014q4/bin/../lib/gcc/arm-none-eabi/4.9.3/../../../../arm-none-eabi/lib/armv7-m\libc_nano.a(lib_a-reent.o)
                              c:/program files (x86)/gnu tools arm embedded/4.9 2014q4/bin/../lib/gcc/arm-none-eabi/4.9.3/../../../../arm-none-eabi/lib/armv7-m\libc_nano.a(lib_a-sbrkr.o) (errno)
c:/program files (x86)/gnu tools arm embedded/4.9 2014q4/bin/../lib/gcc/arm-none-eabi/4.9.3/../../../../arm-none-eabi/lib/armv7-m\libnosys.a(sbrk.o)
                              c:/program files (x86)/gnu tools arm embedded/4.9 2014q4/bin/../lib/gcc/arm-none-eabi/4.9.3/../../../../arm-none-eabi/lib/armv7-m\libc_nano.a(lib_a-sbrkr.o) (_sbrk)
c:/program files (x86)/gnu tools arm embedded/4.9 2014q4/bin/../lib/gcc/arm-none-eabi/4.9.3/armv7-m\libgcc.a(_ashrdi3.o)
                              C:\Users\rkao\AppData\Local\Temp\cc4b7omr.ltrans1.ltrans.o (__aeabi_lasr)
c:/program files (x86)/gnu tools arm embedded/4.9 2014q4/bin/../lib/gcc/arm-none-eabi/4.9.3/armv7-m\libgcc.a(_arm_addsubdf3.o)
                              C:\Users\rkao\AppData\Local\Temp\cc4b7omr.ltrans6.ltrans.o (__aeabi_i2d)
c:/program files (x86)/gnu tools arm embedded/4.9 2014q4/bin/../lib/gcc/arm-none-eabi/4.9.3/armv7-m\libgcc.a(_arm_muldivdf3.o)
                              C:\Users\rkao\AppData\Local\Temp\cc4b7omr.ltrans17.ltrans.o (__aeabi_dmul)
[...]
Memory Configuration

Name             Origin             Length             Attributes
FLASH            0x08000000         0x0001f800         xr
RAM              0x20000000         0x00005000         xrw
MEMORY_B1        0x60000000         0x00000000         xr
*default*        0x00000000         0xffffffff

Linker script and memory map

LOAD obj/main/NAZE/startup_stm32f10x_md_gcc.o
LOAD obj/main/NAZE/drivers/accgyro_adxl345.o
LOAD C:\Users\rkao\AppData\Local\Temp\cc4b7omr.ltrans0.ltrans.o
LOAD C:\Users\rkao\AppData\Local\Temp\cc4b7omr.ltrans1.ltrans.o
LOAD C:\Users\rkao\AppData\Local\Temp\cc4b7omr.ltrans2.ltrans.o
LOAD C:\Users\rkao\AppData\Local\Temp\cc4b7omr.ltrans3.ltrans.o
LOAD C:\Users\rkao\AppData\Local\Temp\cc4b7omr.ltrans4.ltrans.o
LOAD C:\Users\rkao\AppData\Local\Temp\cc4b7omr.ltrans5.ltrans.o
LOAD C:\Users\rkao\AppData\Local\Temp\cc4b7omr.ltrans6.ltrans.o
LOAD C:\Users\rkao\AppData\Local\Temp\cc4b7omr.ltrans7.ltrans.o
LOAD C:\Users\rkao\AppData\Local\Temp\cc4b7omr.ltrans8.ltrans.o
LOAD C:\Users\rkao\AppData\Local\Temp\cc4b7omr.ltrans9.ltrans.o
LOAD C:\Users\rkao\AppData\Local\Temp\cc4b7omr.ltrans10.ltrans.o
LOAD C:\Users\rkao\AppData\Local\Temp\cc4b7omr.ltrans11.ltrans.o
LOAD C:\Users\rkao\AppData\Local\Temp\cc4b7omr.ltrans12.ltrans.o
LOAD C:\Users\rkao\AppData\Local\Temp\cc4b7omr.ltrans13.ltrans.o
LOAD C:\Users\rkao\AppData\Local\Temp\cc4b7omr.ltrans14.ltrans.o
LOAD C:\Users\rkao\AppData\Local\Temp\cc4b7omr.ltrans15.ltrans.o
LOAD C:\Users\rkao\AppData\Local\Temp\cc4b7omr.ltrans16.ltrans.o
LOAD C:\Users\rkao\AppData\Local\Temp\cc4b7omr.ltrans17.ltrans.o
LOAD C:\Users\rkao\AppData\Local\Temp\cc4b7omr.ltrans18.ltrans.o
LOAD C:\Users\rkao\AppData\Local\Temp\cc4b7omr.ltrans19.ltrans.o
LOAD C:\Users\rkao\AppData\Local\Temp\cc4b7omr.ltrans20.ltrans.o
LOAD C:\Users\rkao\AppData\Local\Temp\cc4b7omr.ltrans21.ltrans.o
LOAD C:\Users\rkao\AppData\Local\Temp\cc4b7omr.ltrans22.ltrans.o
LOAD C:\Users\rkao\AppData\Local\Temp\cc4b7omr.ltrans23.ltrans.o
LOAD C:\Users\rkao\AppData\Local\Temp\cc4b7omr.ltrans24.ltrans.o
LOAD C:\Users\rkao\AppData\Local\Temp\cc4b7omr.ltrans25.ltrans.o
LOAD C:\Users\rkao\AppData\Local\Temp\cc4b7omr.ltrans26.ltrans.o
LOAD C:\Users\rkao\AppData\Local\Temp\cc4b7omr.ltrans27.ltrans.o
LOAD c:/program files (x86)/gnu tools arm embedded/4.9 2014q4/bin/../lib/gcc/arm-none-eabi/4.9.3/armv7-m\libgcc.a
LOAD c:/program files (x86)/gnu tools arm embedded/4.9 2014q4/bin/../lib/gcc/arm-none-eabi/4.9.3/../../../../arm-none-eabi/lib/armv7-m\libg_nano.a
LOAD c:/program files (x86)/gnu tools arm embedded/4.9 2014q4/bin/../lib/gcc/arm-none-eabi/4.9.3/../../../../arm-none-eabi/lib/armv7-m\libc_nano.a
LOAD c:/program files (x86)/gnu tools arm embedded/4.9 2014q4/bin/../lib/gcc/arm-none-eabi/4.9.3/armv7-m\libgcc.a
LOAD c:/program files (x86)/gnu tools arm embedded/4.9 2014q4/bin/../lib/gcc/arm-none-eabi/4.9.3/../../../../arm-none-eabi/lib/armv7-m\libc_nano.a
LOAD obj/main/NAZE/drivers/accgyro_bma280.o
LOAD obj/main/NAZE/drivers/accgyro_l3g4200d.o
LOAD obj/main/NAZE/drivers/accgyro_mma845x.o
LOAD obj/main/NAZE/drivers/accgyro_mpu3050.o
LOAD obj/main/NAZE/drivers/accgyro_mpu6050.o
LOAD obj/main/NAZE/drivers/accgyro_spi_mpu6500.o
LOAD obj/main/NAZE/drivers/adc.o
LOAD obj/main/NAZE/drivers/adc_stm32f10x.o
LOAD obj/main/NAZE/drivers/barometer_bmp085.o
LOAD obj/main/NAZE/drivers/barometer_ms5611.o
LOAD obj/main/NAZE/drivers/bus_spi.o
LOAD obj/main/NAZE/drivers/bus_i2c_stm32f10x.o
LOAD obj/main/NAZE/drivers/compass_hmc5883l.o
LOAD obj/main/NAZE/drivers/display_ug2864hsweg01.o
LOAD obj/main/NAZE/drivers/gpio_stm32f10x.o
LOAD obj/main/NAZE/drivers/inverter.o
LOAD obj/main/NAZE/drivers/light_led_stm32f10x.o
LOAD obj/main/NAZE/drivers/light_ws2811strip.o
LOAD obj/main/NAZE/drivers/light_ws2811strip_stm32f10x.o
LOAD obj/main/NAZE/drivers/sonar_hcsr04.o
LOAD obj/main/NAZE/drivers/pwm_mapping.o
LOAD obj/main/NAZE/drivers/pwm_output.o
LOAD obj/main/NAZE/drivers/pwm_rx.o
LOAD obj/main/NAZE/drivers/serial_softserial.o
LOAD obj/main/NAZE/drivers/serial_uart.o
LOAD obj/main/NAZE/drivers/serial_uart_stm32f10x.o
LOAD obj/main/NAZE/drivers/sound_beeper_stm32f10x.o
LOAD obj/main/NAZE/drivers/system_stm32f10x.o
LOAD obj/main/NAZE/drivers/timer.o
LOAD obj/main/NAZE/drivers/timer_stm32f10x.o
LOAD obj/main/NAZE/drivers/flash_m25p16.o
LOAD obj/main/NAZE/io/flashfs.o
LOAD obj/main/NAZE/hardware_revision.o
LOAD obj/main/NAZE/flight/autotune.o
LOAD obj/main/NAZE/flight/navigation.o
LOAD obj/main/NAZE/flight/gps_conversion.o
LOAD obj/main/NAZE/common/colorconversion.o
LOAD obj/main/NAZE/io/gps.o
LOAD obj/main/NAZE/io/ledstrip.o
LOAD obj/main/NAZE/io/display.o
LOAD obj/main/NAZE/telemetry/telemetry.o
LOAD obj/main/NAZE/telemetry/frsky.o
LOAD obj/main/NAZE/telemetry/hott.o
LOAD obj/main/NAZE/telemetry/msp.o
LOAD obj/main/NAZE/telemetry/smartport.o
LOAD obj/main/NAZE/sensors/sonar.o
LOAD obj/main/NAZE/sensors/barometer.o
LOAD obj/main/NAZE/blackbox/blackbox.o
LOAD obj/main/NAZE/blackbox/blackbox_io.o
LOAD obj/main/NAZE/build_config.o
LOAD obj/main/NAZE/debug.o
LOAD obj/main/NAZE/version.o
LOAD obj/main/NAZE/config/config.o
LOAD obj/main/NAZE/config/runtime_config.o
LOAD obj/main/NAZE/common/maths.o
LOAD obj/main/NAZE/common/printf.o
LOAD obj/main/NAZE/common/typeconversion.o
LOAD obj/main/NAZE/common/encoding.o
LOAD obj/main/NAZE/main.o
LOAD obj/main/NAZE/mw.o
LOAD obj/main/NAZE/flight/altitudehold.o
LOAD obj/main/NAZE/flight/failsafe.o
LOAD obj/main/NAZE/flight/pid.o
LOAD obj/main/NAZE/flight/imu.o
LOAD obj/main/NAZE/flight/mixer.o
LOAD obj/main/NAZE/flight/lowpass.o
LOAD obj/main/NAZE/drivers/bus_i2c_soft.o
LOAD obj/main/NAZE/drivers/serial.o
LOAD obj/main/NAZE/drivers/sound_beeper.o
LOAD obj/main/NAZE/drivers/system.o
LOAD obj/main/NAZE/io/beeper.o
LOAD obj/main/NAZE/io/rc_controls.o
LOAD obj/main/NAZE/io/rc_curves.o
LOAD obj/main/NAZE/io/serial.o
LOAD obj/main/NAZE/io/serial_cli.o
LOAD obj/main/NAZE/io/serial_msp.o
LOAD obj/main/NAZE/io/statusindicator.o
LOAD obj/main/NAZE/rx/rx.o
LOAD obj/main/NAZE/rx/pwm.o
LOAD obj/main/NAZE/rx/msp.o
LOAD obj/main/NAZE/rx/sbus.o
LOAD obj/main/NAZE/rx/sumd.o
LOAD obj/main/NAZE/rx/sumh.o
LOAD obj/main/NAZE/rx/spektrum.o
LOAD obj/main/NAZE/rx/xbus.o
LOAD obj/main/NAZE/sensors/acceleration.o
LOAD obj/main/NAZE/sensors/battery.o
LOAD obj/main/NAZE/sensors/boardalignment.o
LOAD obj/main/NAZE/sensors/compass.o
LOAD obj/main/NAZE/sensors/gyro.o
LOAD obj/main/NAZE/sensors/initialisation.o
LOAD obj/main/NAZE/core_cm3.o
LOAD obj/main/NAZE/system_stm32f10x.o
LOAD obj/main/NAZE/stm32f10x_gpio.o
LOAD obj/main/NAZE/stm32f10x_fsmc.o
LOAD obj/main/NAZE/stm32f10x_exti.o
LOAD obj/main/NAZE/stm32f10x_bkp.o
LOAD obj/main/NAZE/stm32f10x_spi.o
LOAD obj/main/NAZE/stm32f10x_adc.o
LOAD obj/main/NAZE/stm32f10x_iwdg.o
LOAD obj/main/NAZE/misc.o
LOAD obj/main/NAZE/stm32f10x_wwdg.o
LOAD obj/main/NAZE/stm32f10x_tim.o
LOAD obj/main/NAZE/stm32f10x_usart.o
LOAD obj/main/NAZE/stm32f10x_flash.o
LOAD obj/main/NAZE/stm32f10x_rcc.o
LOAD obj/main/NAZE/stm32f10x_sdio.o
LOAD obj/main/NAZE/stm32f10x_i2c.o
LOAD obj/main/NAZE/stm32f10x_pwr.o
LOAD obj/main/NAZE/stm32f10x_rtc.o
LOAD obj/main/NAZE/stm32f10x_dac.o
LOAD obj/main/NAZE/stm32f10x_dbgmcu.o
LOAD obj/main/NAZE/stm32f10x_dma.o
LOAD c:/program files (x86)/gnu tools arm embedded/4.9 2014q4/bin/../lib/gcc/arm-none-eabi/4.9.3/../../../../arm-none-eabi/lib/armv7-m\libm.a
LOAD c:/program files (x86)/gnu tools arm embedded/4.9 2014q4/bin/../lib/gcc/arm-none-eabi/4.9.3/../../../../arm-none-eabi/lib/armv7-m\libc_nano.a
LOAD c:/program files (x86)/gnu tools arm embedded/4.9 2014q4/bin/../lib/gcc/arm-none-eabi/4.9.3/../../../../arm-none-eabi/lib/armv7-m\libnosys.a
START GROUP
LOAD c:/program files (x86)/gnu tools arm embedded/4.9 2014q4/bin/../lib/gcc/arm-none-eabi/4.9.3/armv7-m\libgcc.a
LOAD c:/program files (x86)/gnu tools arm embedded/4.9 2014q4/bin/../lib/gcc/arm-none-eabi/4.9.3/../../../../arm-none-eabi/lib/armv7-m\libg_nano.a
LOAD c:/program files (x86)/gnu tools arm embedded/4.9 2014q4/bin/../lib/gcc/arm-none-eabi/4.9.3/../../../../arm-none-eabi/lib/armv7-m\libc_nano.a
END GROUP
START GROUP
LOAD c:/program files (x86)/gnu tools arm embedded/4.9 2014q4/bin/../lib/gcc/arm-none-eabi/4.9.3/armv7-m\libgcc.a
LOAD c:/program files (x86)/gnu tools arm embedded/4.9 2014q4/bin/../lib/gcc/arm-none-eabi/4.9.3/../../../../arm-none-eabi/lib/armv7-m\libc_nano.a
END GROUP
                0x20005000                _estack = 0x20005000
                0x00000000                _Min_Heap_Size = 0x0
                0x00000400                _Min_Stack_Size = 0x400

.isr_vector     0x08000000      0x10c
                0x08000000                . = ALIGN (0x4)
                0x08000000                PROVIDE (isr_vector_table_base, .)
 *(.isr_vector)
 .isr_vector    0x08000000      0x10c obj/main/NAZE/startup_stm32f10x_md_gcc.o
                0x08000000                g_pfnVectors
                0x0800010c                . = ALIGN (0x4)

.text           0x08000110    0x1c4d0
                0x08000110                . = ALIGN (0x4)
 *(.text)
 .text          0x08000110     0x23f0 C:\Users\rkao\AppData\Local\Temp\cc4b7omr.ltrans0.ltrans.o
                0x08000110                init
 .text          0x08002500     0x1320 C:\Users\rkao\AppData\Local\Temp\cc4b7omr.ltrans2.ltrans.o
                0x08002500                annexCode
 .text          0x08003820      0xefc C:\Users\rkao\AppData\Local\Temp\cc4b7omr.ltrans3.ltrans.o
                0x08003820                processRx
 .text          0x0800471c      0xa48 C:\Users\rkao\AppData\Local\Temp\cc4b7omr.ltrans4.ltrans.o
                0x0800471c                handleBlackbox
 .text          0x08005164      0xd8c C:\Users\rkao\AppData\Local\Temp\cc4b7omr.ltrans5.ltrans.o
                0x08005164                processOutCommand.lto_priv.182
 .text          0x08005ef0      0xad8 C:\Users\rkao\AppData\Local\Temp\cc4b7omr.ltrans6.ltrans.o
                0x08005ef0                handleTelemetry.constprop.61
                0x080068b4                mspAllocateSerialPorts.constprop.57
                0x08006934                resetSerialConfig.constprop.52
                0x0800698c                useRcControlsConfig.constprop.44
 .text          0x080069c8      0x8dc C:\Users\rkao\AppData\Local\Temp\cc4b7omr.ltrans7.ltrans.o
                0x08006c5a                uartReconfigure.lto_priv.514
                0x08006d84                uartOpen
                0x080070c2                openSoftSerial
                0x0800726a                pwmICConfig
 .text          0x080072a4     0x11a8 C:\Users\rkao\AppData\Local\Temp\cc4b7omr.ltrans8.ltrans.o
                0x080072a4                shouldAutotune
                0x080072c8                pidHarakiri.lto_priv.237
                0x08007808                pidMultiWiiHybrid.lto_priv.236
                0x08007b40                pidMultiWii23.lto_priv.235
                0x08007e0c                pidMultiWii.lto_priv.233
                0x080080b0                pidLuxFloat.lto_priv.234
                0x0800841c                pidResetErrorAngle
                0x08008430                failsafeOnValidDataReceived
 .text          0x0800844c      0xc24 C:\Users\rkao\AppData\Local\Temp\cc4b7omr.ltrans9.ltrans.o
                0x08008638                gpsNewFrame
                0x08008be6                gpsSetState.lto_priv.334
                0x08008c00                GPS_distance_cm_bearing.isra.3.lto_priv.492
                0x08008c84                wrap_18000.lto_priv.332
                0x08008ca8                GPS_set_next_wp
                0x08008d34                gpsUsePIDs
                0x08008dd4                GPS_reset_home_position
                0x08008e20                autotuneLogCycleStart.lto_priv.333
                0x08008e98                startNewCycle.lto_priv.170
                0x08008ebc                flashfsWrite
                0x08008f7c                flashfsFlushSync
                0x08008fbc                flashfsFlushAsync
                0x08009010                flashfsGetOffset
                0x08009030                flashfsEraseCompletely
 .text          0x08009070      0xd2c C:\Users\rkao\AppData\Local\Temp\cc4b7omr.ltrans10.ltrans.o
                0x08009070                cliFeature.lto_priv.206
                0x08009168                cliExit.lto_priv.205
                0x080091dc                cliServo.lto_priv.213
                0x080092b8                cliFlashRead.lto_priv.209
                0x08009340                cliFlashWrite.lto_priv.210
                0x0800939c                cliFlashErase.lto_priv.207
                0x080093c8                cliFlashInfo.lto_priv.208
                0x08009400                cliColor.lto_priv.203
                0x080094e8                cliLed.lto_priv.211
                0x0800970c                cliCMix.lto_priv.202
                0x08009994                cliAdjustmentRange.lto_priv.200
                0x08009ae8                cliDump.lto_priv.204
 .text          0x08009d9c      0x778 C:\Users\rkao\AppData\Local\Temp\cc4b7omr.ltrans11.ltrans.o
                0x08009d9c                hmc5883lRead
                0x08009e30                hmc5883lInit
                0x0800a03c                i2c_OLED_send_byte.lto_priv.489
                0x0800a046                i2c_OLED_send_cmd.lto_priv.453
                0x0800a050                i2cInit
                0x0800a240                i2c_ev_handler.lto_priv.539
                0x0800a48c                i2c_er_handler.lto_priv.540
 .text          0x0800a514      0xc9c C:\Users\rkao\AppData\Local\Temp\cc4b7omr.ltrans12.ltrans.o
                0x0800a636                _putc.lto_priv.433
                0x0800a644                fastA2F
                0x0800a770                ftoa
                0x0800a844                tfp_format
                0x0800aa1a                tfp_sprintf
                0x0800aa44                tfp_printf
                0x0800aa84                rotateV
                0x0800abf4                applyDeadband
                0x0800ac12                disableFlightMode
                0x0800ac34                enableFlightMode
                0x0800ac54                featureClear
                0x0800ac64                handleOneshotFeatureChangeOnRestart
                0x0800acb8                writeEEPROM
                0x0800adfc                activateControlRateConfig
                0x0800ae44                readEEPROM
                0x0800b19c                saveConfigAndNotify
 .text          0x0800b1b0      0xca0 C:\Users\rkao\AppData\Local\Temp\cc4b7omr.ltrans13.ltrans.o
                0x0800b1b0                beepInverted.lto_priv.419
                0x0800b1c4                beepNormal.lto_priv.420
                0x0800b1d8                cliCompare.lto_priv.272
                0x0800b454                processChannelRangeArgs.lto_priv.227
                0x0800b4d4                cliAux.lto_priv.201
                0x0800b5bc                serialRemovePort
                0x0800b5ec                closeSerialPort
                0x0800b614                serialFindPortConfiguration
                0x0800b63c                cliSerial.lto_priv.212
                0x0800b788                determinePortSharing
                0x0800b79c                findNextSerialPortConfig
                0x0800b7d4                findSerialPortConfig
                0x0800b7e4                generateThrottleCurve
                0x0800b874                generatePitchRollCurve
                0x0800b8a8                isRangeActive.part.0.lto_priv.265
                0x0800b8f0                micros
                0x0800b928                delayMicroseconds
                0x0800b93e                delay
                0x0800b952                SysTick_Handler
                0x0800b960                EXTI15_10_IRQHandler
                0x0800b97c                systemBeep
                0x0800b988                beeperSilence
                0x0800b9b8                beeper
                0x0800ba04                beeperConfirmationBeeps
                0x0800ba34                failureMode
                0x0800ba98                registerExti15_10_CallbackHandler
                0x0800bac4                serialSetMode
                0x0800baca                openSerialPort
                0x0800bb68                isSerialTransmitBufferEmpty
                0x0800bb6e                waitForSerialPortToFinishTransmitting
                0x0800bb84                serialSetBaudRate
                0x0800bb8a                serialRead
                0x0800bb90                serialTotalBytesWaiting
                0x0800bb96                serialWrite
                0x0800bb9c                writeMotors
                0x0800bc48                stopMotors
                0x0800bc80                updateGimbalServos.lto_priv.331
                0x0800bc9c                mixerResetMotors
                0x0800bcd4                servoDirection
                0x0800bcf4                determineServoMiddleOrForwardFromChannel
                0x0800bd30                imuCalculateHeading
                0x0800be08                pidSetController
 .text          0x0800be50      0x584 C:\Users\rkao\AppData\Local\Temp\cc4b7omr.ltrans14.ltrans.o
                0x0800be50                updateLedStrip.part.2.lto_priv.330
 .text          0x0800c3d4      0xb9c C:\Users\rkao\AppData\Local\Temp\cc4b7omr.ltrans15.ltrans.o
                0x0800c3d4                ms5611_calculate.lto_priv.416
                0x0800c530                bmp085_calculate.lto_priv.410
                0x0800c60c                mpu6500AccInit.lto_priv.395
                0x0800c63c                BMP085_EOC_EXTI_Handler
                0x0800c6a4                mpu6500GyroInit.lto_priv.385
                0x0800c7d8                mpu6050AccInit.lto_priv.401
                0x0800c804                i2cRead
                0x0800c8dc                ms5611_get_up.lto_priv.415
                0x0800c8ec                ms5611_get_ut.lto_priv.413
                0x0800c8fc                bmp085_get_up.lto_priv.409
                0x0800c948                bmp085_get_ut.lto_priv.407
                0x0800c97c                mpu6050GyroRead.lto_priv.394
                0x0800c9bc                mpu6050AccRead.lto_priv.402
                0x0800c9fc                mpu3050ReadTemp.lto_priv.392
                0x0800ca2e                mpu3050Read.lto_priv.391
                0x0800ca6c                mma8452Read.lto_priv.400
                0x0800cac4                bma280Read.lto_priv.398
                0x0800cb08                adxl345Read.lto_priv.404
                0x0800cbcc                i2cWrite
                0x0800cc84                ms5611_start_up.lto_priv.414
                0x0800cc8c                ms5611_start_ut.lto_priv.412
                0x0800cc94                bmp085_start_up.lto_priv.408
                0x0800ccb8                bmp085_start_ut.lto_priv.406
                0x0800cccc                mpu6050GyroInit.lto_priv.393
                0x0800cd38                mpu3050Init.lto_priv.390
                0x0800cd88                mma8452Init.lto_priv.399
                0x0800ce18                bma280Init.lto_priv.397
                0x0800ce3c                adxl345Init.lto_priv.403
                0x0800ce94                I2C2_EV_IRQHandler
                0x0800ce98                I2C2_ER_IRQHandler
                0x0800ce9c                I2C1_EV_IRQHandler
                0x0800cea0                I2C1_ER_IRQHandler
                0x0800cea4                mpu6500ReadRegister.lto_priv.450
                0x0800cecc                mpu6500GyroRead.lto_priv.386
                0x0800cf08                mpu6500AccRead.lto_priv.396
                0x0800cf44                mpu6050Detect.lto_priv.451
 .text          0x0800cf70      0x8a4 C:\Users\rkao\AppData\Local\Temp\cc4b7omr.ltrans16.ltrans.o
                0x0800cf70                pwmOverflowCallback.lto_priv.428
                0x0800cf98                ppmEdgeCallback.lto_priv.429
                0x0800d078                ppmOverflowCallback.lto_priv.430
                0x0800d088                pwmWriteStandard.lto_priv.425
                0x0800d098                pwmWriteBrushed.lto_priv.426
                0x0800d0bc                pwmEdgeCallback.lto_priv.427
                0x0800d164                pwmWriteServo
                0x0800d17c                EXTI9_5_IRQHandler
                0x0800d17e                EXTI1_IRQHandler
                0x0800d180                EXTI0_IRQHandler
                0x0800d182                DMA1_Channel6_IRQHandler
                0x0800d1b0                ws2811UpdateStrip
                0x0800d36c                gpioExtiLineConfig
                0x0800d396                gpioInit
                0x0800d3fa                pwmOutConfig.lto_priv.454
                0x0800d6a8                ug2864hsweg01InitI2C.part.0.lto_priv.452
                0x0800d786                i2c_OLED_send_char
                0x0800d7bc                i2c_OLED_send_string
                0x0800d7ce                i2c_OLED_set_line
                0x0800d7e8                i2c_OLED_set_xy
 .text          0x0800d814      0x968 C:\Users\rkao\AppData\Local\Temp\cc4b7omr.ltrans17.ltrans.o
                0x0800d83c                xBusReadRawRC.lto_priv.378
                0x0800d850                xBusDataReceive.lto_priv.379
                0x0800d928                parseRcChannels.constprop.42
                0x0800d964                headSerialError.constprop.11
                0x0800d96c                findNextSharedSerialPort.constprop.3
                0x0800d9d0                DMA_Init
                0x0800da0c                DMA_DeInit
                0x0800dafc                RCC_GetClocksFreq
                0x0800db90                FLASH_WaitForLastOperation
                0x0800dbb2                TIM_ICInit
                0x0800ddd8                EXTI_Init.part.0.lto_priv.449
                0x0800de38                EXTI_GetITStatus
                0x0800de54                GPIO_Init
                0x0800def0                SystemInit
                0x0800df3c                alignSensors
                0x0800e0b8                calculateBatteryCapacityRemainingPercentage
                0x0800e10c                updateBatteryVoltage
 .text          0x0800e17c      0x970 C:\Users\rkao\AppData\Local\Temp\cc4b7omr.ltrans18.ltrans.o
                0x0800e17c                cliVersion.lto_priv.224
                0x0800e1b0                cliRateProfile.lto_priv.221
                0x0800e1fc                cliProfile.lto_priv.222
                0x0800e23c                cliPlaySound.lto_priv.286
                0x0800e2dc                cliGpsPassthrough.lto_priv.281
                0x0800e390                mspReleasePortIfAllocated
                0x0800e3d0                read8.lto_priv.195
                0x0800e3e4                read16.lto_priv.290
                0x0800e3f8                read32.lto_priv.193
                0x0800e40a                serialize8.lto_priv.183
                0x0800e42c                headSerialResponse.lto_priv.185
                0x0800e468                headSerialReply.lto_priv.192
                0x0800e46e                serialize16.lto_priv.194
                0x0800e480                serialize32.lto_priv.191
                0x0800e492                cliPrintVar.lto_priv.225
                0x0800e560                cliWrite.lto_priv.223
                0x0800e570                cliPrint.lto_priv.219
                0x0800e58c                cliStatus.lto_priv.289
                0x0800e66c                cliGet.lto_priv.280
                0x0800e6c4                cliSet.lto_priv.288
                0x0800e86c                cliMotor.lto_priv.285
                0x0800e910                cliMixer.lto_priv.284
                0x0800e9b4                cliMap.lto_priv.283
                0x0800ea60                cliHelp.lto_priv.282
                0x0800ea90                cliReboot.lto_priv.220
                0x0800eab8                cliDefaults.lto_priv.279
                0x0800ead4                cliSave.lto_priv.287
 .text          0x0800eaec      0x578 C:\Users\rkao\AppData\Local\Temp\cc4b7omr.ltrans19.ltrans.o
                0x0800eb50                uartRead
                0x0800eb80                isUartTransmitBufferEmpty
                0x0800eb96                uartTotalBytesWaiting
                0x0800ebe8                uartWrite
                0x0800ec9c                uartSetMode
                0x0800eca2                uartSetBaudRate
                0x0800eca8                flashfsSetTailAddress.lto_priv.226
                0x0800eccc                flashfsClearBuffer.lto_priv.512
                0x0800ece8                m25p16_isReady
                0x0800ed30                m25p16_waitForReady
                0x0800ed50                m25p16_readBytes
                0x0800ed9c                TIM4_IRQHandler
                0x0800edac                TIM3_IRQHandler
                0x0800edbc                TIM2_IRQHandler
                0x0800edc8                TIM1_UP_IRQHandler
                0x0800edd8                TIM1_CC_IRQHandler
                0x0800ede8                configTimeBase
                0x0800ee90                timerConfigure
                0x0800eee4                lookupTimerIndex.lto_priv.252
                0x0800ef20                timerChConfigCallbacks
                0x0800efd8                systemReset
                0x0800f014                USART3_IRQHandler
                0x0800f01c                USART2_IRQHandler
                0x0800f024                USART1_IRQHandler
                0x0800f02c                DMA1_Channel4_IRQHandler
 .text          0x0800f064      0x888 C:\Users\rkao\AppData\Local\Temp\cc4b7omr.ltrans20.ltrans.o
                0x0800f064                applyDirectionalModeColor
                0x0800f144                reevalulateLedConfig
                0x0800f1f8                gpsNewData.part.2.lto_priv.215
 .text          0x0800f8ec      0x7cc C:\Users\rkao\AppData\Local\Temp\cc4b7omr.ltrans21.ltrans.o
                0x0800f938                drawHorizonalPercentageBar
                0x0800f98a                updateDisplay
 .text          0x080100b8      0x784 C:\Users\rkao\AppData\Local\Temp\cc4b7omr.ltrans22.ltrans.o
                0x080101ac                blackboxLogEvent
                0x08010258                sendFieldDefinition.lto_priv.475
                0x08010364                loadBlackboxState.lto_priv.474
                0x08010470                writeGPSFrame.lto_priv.473
                0x080104fc                smartPortSendPackage.lto_priv.184
                0x08010574                flushHottRxBuffer.lto_priv.181
                0x08010590                serialize16.lto_priv.178
                0x080105a4                sendTelemetryTail.lto_priv.177
                0x080105b4                sendDataHead.lto_priv.179
                0x080105d4                sendLatLong.lto_priv.180
                0x0801064c                checkTelemetryState
 .text          0x0801083c      0x5a8 C:\Users\rkao\AppData\Local\Temp\cc4b7omr.ltrans23.ltrans.o
                0x0801083c                NVIC_Init.part.0.constprop.169
                0x08010878                spiTransfer.constprop.149
                0x080108e4                spiTransferByte.constprop.147
                0x08010930                bmp085InitXCLRGpio.constprop.130
                0x08010968                autotune.constprop.98
                0x08010c58                GPS_coord_to_degrees.constprop.94
                0x08010d18                grab_fields.constprop.93
                0x08010d64                drawRxChannel.constprop.89
                0x08010db0                calculateThrottleStatus.constprop.65
 .text          0x08010de4      0x3b0 C:\Users\rkao\AppData\Local\Temp\cc4b7omr.ltrans24.ltrans.o
                0x08010de4                mwArm
                0x0801111c                mwDisarm
 .text          0x08011194      0x5dc C:\Users\rkao\AppData\Local\Temp\cc4b7omr.ltrans25.ltrans.o
                0x08011194                isEEPROMContentValid.lto_priv.455
                0x080111d8                resetConf.lto_priv.214
                0x080115e6                isBlackboxDeviceFull
                0x08011614                blackboxDeviceClose
                0x08011648                blackboxDeviceFlush
                0x0801166c                blackboxPrint
                0x080116b0                blackboxPrintf
                0x080116d4                blackboxWrite
                0x08011730                blackboxWriteS16
                0x08011744                blackboxWriteUnsignedVB
                0x08011762                blackboxWriteSignedVB
 .text          0x08011770      0x3f4 C:\Users\rkao\AppData\Local\Temp\cc4b7omr.ltrans26.ltrans.o
                0x08011770                spektrumReadRawRC.lto_priv.365
                0x08011794                sumhReadRawRC.lto_priv.371
                0x080117a8                sumdReadRawRC.lto_priv.369
                0x080117bc                sbusReadRawRC.lto_priv.367
                0x080117ec                rxMspReadRawRC.lto_priv.380
                0x080117f8                pwmReadRawRC.lto_priv.381
                0x08011808                spektrumDataReceive.lto_priv.366
                0x08011854                sumhDataReceive.lto_priv.372
                0x080118a0                sumdDataReceive.lto_priv.370
                0x08011910                sbusDataReceive.lto_priv.368
                0x08011960                xBusUnpackModeBFrame.lto_priv.186
                0x080119f8                processRxChannels.lto_priv.266
                0x08011b1c                warningLedRefresh
 .text          0x08011b64       0x18 C:\Users\rkao\AppData\Local\Temp\cc4b7omr.ltrans27.ltrans.o
                0x08011b64                HardFault_Handler
 .text          0x08011b7c       0x1c c:/program files (x86)/gnu tools arm embedded/4.9 2014q4/bin/../lib/gcc/arm-none-eabi/4.9.3/armv7-m\libgcc.a(_ashrdi3.o)
                0x08011b7c                __aeabi_lasr
                0x08011b7c                __ashrdi3
 .text          0x08011b98      0x370 c:/program files (x86)/gnu tools arm embedded/4.9 2014q4/bin/../lib/gcc/arm-none-eabi/4.9.3/armv7-m\libgcc.a(_arm_addsubdf3.o)
                0x08011b98                __aeabi_drsub
                0x08011ba0                __aeabi_dsub
                0x08011ba0                __subdf3
                0x08011ba4                __aeabi_dadd
                0x08011ba4                __adddf3
                0x08011e1c                __floatunsidf
                0x08011e1c                __aeabi_ui2d
                0x08011e3c                __floatsidf
                0x08011e3c                __aeabi_i2d
                0x08011e60                __aeabi_f2d
                0x08011e60                __extendsfdf2
                0x08011e9c                __floatundidf
                0x08011e9c                __aeabi_ul2d
                0x08011eac                __floatdidf
                0x08011eac                __aeabi_l2d
 .text          0x08011f08      0x424 c:/program files (x86)/gnu tools arm embedded/4.9 2014q4/bin/../lib/gcc/arm-none-eabi/4.9.3/armv7-m\libgcc.a(_arm_muldivdf3.o)
                0x08011f08                __aeabi_dmul
                0x08011f08                __muldf3
                0x0801215c                __divdf3
                0x0801215c                __aeabi_ddiv
 .text          0x0801232c       0x50 c:/program files (x86)/gnu tools arm embedded/4.9 2014q4/bin/../lib/gcc/arm-none-eabi/4.9.3/armv7-m\libgcc.a(_arm_fixdfsi.o)
                0x0801232c                __aeabi_d2iz
                0x0801232c                __fixdfsi
 .text          0x0801237c       0x40 c:/program files (x86)/gnu tools arm embedded/4.9 2014q4/bin/../lib/gcc/arm-none-eabi/4.9.3/armv7-m\libgcc.a(_arm_fixunsdfsi.o)
                0x0801237c                __aeabi_d2uiz
                0x0801237c                __fixunsdfsi
 .text          0x080123bc       0xa0 c:/program files (x86)/gnu tools arm embedded/4.9 2014q4/bin/../lib/gcc/arm-none-eabi/4.9.3/armv7-m\libgcc.a(_arm_truncdfsf2.o)
                0x080123bc                __truncdfsf2
                0x080123bc                __aeabi_d2f
 .text          0x0801245c      0x21c c:/program files (x86)/gnu tools arm embedded/4.9 2014q4/bin/../lib/gcc/arm-none-eabi/4.9.3/armv7-m\libgcc.a(_arm_addsubsf3.o)
                0x0801245c                __aeabi_frsub
                0x08012464                __subsf3
                0x08012464                __aeabi_fsub
                0x08012468                __aeabi_fadd
                0x08012468                __addsf3
                0x080125c8                __aeabi_ui2f
                0x080125c8                __floatunsisf
                0x080125d0                __aeabi_i2f
                0x080125d0                __floatsisf
                0x080125ec                __aeabi_ul2f
                0x080125ec                __floatundisf
                0x080125fc                __aeabi_l2f
                0x080125fc                __floatdisf
 .text          0x08012678      0x2a0 c:/program files (x86)/gnu tools arm embedded/4.9 2014q4/bin/../lib/gcc/arm-none-eabi/4.9.3/armv7-m\libgcc.a(_arm_muldivsf3.o)
                0x08012678                __mulsf3
                0x08012678                __aeabi_fmul
                0x080127e0                __aeabi_fdiv
                0x080127e0                __divsf3
 .text          0x08012918       0xec c:/program files (x86)/gnu tools arm embedded/4.9 2014q4/bin/../lib/gcc/arm-none-eabi/4.9.3/armv7-m\libgcc.a(_arm_cmpsf2.o)
                0x08012918                __gesf2
                0x08012918                __gtsf2
                0x08012920                __lesf2
                0x08012920                __ltsf2
                0x08012928                __nesf2
                0x08012928                __eqsf2
                0x08012928                __cmpsf2
                0x08012988                __aeabi_cfrcmple
                0x08012990                __aeabi_cfcmpeq
                0x08012990                __aeabi_cfcmple
                0x080129a0                __aeabi_fcmpeq
                0x080129b4                __aeabi_fcmplt
                0x080129c8                __aeabi_fcmple
                0x080129dc                __aeabi_fcmpge
                0x080129f0                __aeabi_fcmpgt
 .text          0x08012a04       0x4c c:/program files (x86)/gnu tools arm embedded/4.9 2014q4/bin/../lib/gcc/arm-none-eabi/4.9.3/armv7-m\libgcc.a(_arm_fixsfsi.o)
                0x08012a04                __aeabi_f2iz
                0x08012a04                __fixsfsi
 .text          0x08012a50       0x40 c:/program files (x86)/gnu tools arm embedded/4.9 2014q4/bin/../lib/gcc/arm-none-eabi/4.9.3/armv7-m\libgcc.a(_arm_fixunssfsi.o)
                0x08012a50                __fixunssfsi
                0x08012a50                __aeabi_f2uiz
 .text          0x08012a90       0x38 c:/program files (x86)/gnu tools arm embedded/4.9 2014q4/bin/../lib/gcc/arm-none-eabi/4.9.3/armv7-m\libgcc.a(_aeabi_ldivmod.o)
                0x08012a90                __aeabi_ldivmod
 .text          0x08012ac8       0x28 c:/program files (x86)/gnu tools arm embedded/4.9 2014q4/bin/../lib/gcc/arm-none-eabi/4.9.3/armv7-m\libgcc.a(_fixsfdi.o)
                0x08012ac8                __fixsfdi
                0x08012ac8                __aeabi_f2lz
 .text          0x08012af0       0x4c c:/program files (x86)/gnu tools arm embedded/4.9 2014q4/bin/../lib/gcc/arm-none-eabi/4.9.3/armv7-m\libgcc.a(_fixunssfdi.o)
                0x08012af0                __fixunssfdi
                0x08012af0                __aeabi_f2ulz
 .text          0x08012b3c       0x60 c:/program files (x86)/gnu tools arm embedded/4.9 2014q4/bin/../lib/gcc/arm-none-eabi/4.9.3/armv7-m\libgcc.a(bpabi.o)
                0x08012b3c                __gnu_ldivmod_helper
                0x08012b6c                __gnu_uldivmod_helper
 .text          0x08012b9c        0x4 c:/program files (x86)/gnu tools arm embedded/4.9 2014q4/bin/../lib/gcc/arm-none-eabi/4.9.3/armv7-m\libgcc.a(_dvmd_tls.o)
                0x08012b9c                __aeabi_idiv0
                0x08012b9c                __aeabi_ldiv0
 .text          0x08012ba0      0x2ac c:/program files (x86)/gnu tools arm embedded/4.9 2014q4/bin/../lib/gcc/arm-none-eabi/4.9.3/armv7-m\libgcc.a(_divdi3.o)
                0x08012ba0                __divdi3
 .text          0x08012e4c      0x270 c:/program files (x86)/gnu tools arm embedded/4.9 2014q4/bin/../lib/gcc/arm-none-eabi/4.9.3/armv7-m\libgcc.a(_udivdi3.o)
                0x08012e4c                __udivdi3
 .text          0x080130bc      0x110 c:/program files (x86)/gnu tools arm embedded/4.9 2014q4/bin/../lib/gcc/arm-none-eabi/4.9.3/armv7-m\libgcc.a(_arm_cmpdf2.o)
                0x080130bc                __gtdf2
                0x080130bc                __gedf2
                0x080130c4                __ltdf2
                0x080130c4                __ledf2
                0x080130cc                __nedf2
                0x080130cc                __eqdf2
                0x080130cc                __cmpdf2
                0x08013148                __aeabi_cdrcmple
                0x08013158                __aeabi_cdcmpeq
                0x08013158                __aeabi_cdcmple
                0x08013168                __aeabi_dcmpeq
                0x0801317c                __aeabi_dcmplt
                0x08013190                __aeabi_dcmple
                0x080131a4                __aeabi_dcmpge
                0x080131b8                __aeabi_dcmpgt
 *(.text*)
 .text.Reset_Handler
                0x080131cc       0xa0 obj/main/NAZE/startup_stm32f10x_md_gcc.o
                0x080131cc                Reset_Handler
 .text.Default_Handler
                0x0801326c        0x2 obj/main/NAZE/startup_stm32f10x_md_gcc.o
                0x0801326c                EXTI2_IRQHandler
                0x0801326c                DebugMon_Handler
                0x0801326c                PVD_IRQHandler
                0x0801326c                PendSV_Handler
                0x0801326c                NMI_Handler
                0x0801326c                EXTI3_IRQHandler
                0x0801326c                UsageFault_Handler
                0x0801326c                ADC1_2_IRQHandler
                0x0801326c                SPI1_IRQHandler
                0x0801326c                TAMPER_IRQHandler
                0x0801326c                RTC_IRQHandler
                0x0801326c                DMA1_Channel7_IRQHandler
                0x0801326c                CAN1_RX1_IRQHandler
                0x0801326c                RCC_IRQHandler
                0x0801326c                TIM1_TRG_COM_IRQHandler
                0x0801326c                DMA1_Channel1_IRQHandler
                0x0801326c                Default_Handler
                0x0801326c                SPI2_IRQHandler
                0x0801326c                MemManage_Handler
                0x0801326c                SVC_Handler
                0x0801326c                DMA1_Channel5_IRQHandler
                0x0801326c                EXTI4_IRQHandler
                0x0801326c                USB_LP_CAN1_RX0_IRQHandler
                0x0801326c                USB_HP_CAN1_TX_IRQHandler
                0x0801326c                DMA1_Channel3_IRQHandler
                0x0801326c                WWDG_IRQHandler
                0x0801326c                TIM1_BRK_IRQHandler
                0x0801326c                RTCAlarm_IRQHandler
                0x0801326c                DMA1_Channel2_IRQHandler
                0x0801326c                CAN1_SCE_IRQHandler
                0x0801326c                FLASH_IRQHandler
                0x0801326c                BusFault_Handler
                0x0801326c                USBWakeUp_IRQHandler
 *fill*         0x0801326e        0x2 
 .text.startup  0x08013270     0x27a4 C:\Users\rkao\AppData\Local\Temp\cc4b7omr.ltrans1.ltrans.o
                0x08013270                main
 .text.memcpy   0x08015a14       0x16 c:/program files (x86)/gnu tools arm embedded/4.9 2014q4/bin/../lib/gcc/arm-none-eabi/4.9.3/../../../../arm-none-eabi/lib/armv7-m\libg_nano.a(lib_a-memcpy.o)
                0x08015a14                memcpy
 .text.memset   0x08015a2a       0x10 c:/program files (x86)/gnu tools arm embedded/4.9 2014q4/bin/../lib/gcc/arm-none-eabi/4.9.3/../../../../arm-none-eabi/lib/armv7-m\libg_nano.a(lib_a-memset.o)
                0x08015a2a                memset
 *fill*         0x08015a3a        0x2 
 .text.strcasecmp
                0x08015a3c       0x3c c:/program files (x86)/gnu tools arm embedded/4.9 2014q4/bin/../lib/gcc/arm-none-eabi/4.9.3/../../../../arm-none-eabi/lib/armv7-m\libg_nano.a(lib_a-strcasecmp.o)
                0x08015a3c                strcasecmp
 .text.strcat   0x08015a78       0x1e c:/program files (x86)/gnu tools arm embedded/4.9 2014q4/bin/../lib/gcc/arm-none-eabi/4.9.3/../../../../arm-none-eabi/lib/armv7-m\libg_nano.a(lib_a-strcat.o)
                0x08015a78                strcat
 .text.strchr   0x08015a96       0x1c c:/program files (x86)/gnu tools arm embedded/4.9 2014q4/bin/../lib/gcc/arm-none-eabi/4.9.3/../../../../arm-none-eabi/lib/armv7-m\libg_nano.a(lib_a-strchr.o)
                0x08015a96                strchr
 .text.strlen   0x08015ab2       0x10 c:/program files (x86)/gnu tools arm embedded/4.9 2014q4/bin/../lib/gcc/arm-none-eabi/4.9.3/../../../../arm-none-eabi/lib/armv7-m\libg_nano.a(lib_a-strlen.o)
                0x08015ab2                strlen
 *fill*         0x08015ac2        0x2 
 .text.strncasecmp
                0x08015ac4       0x44 c:/program files (x86)/gnu tools arm embedded/4.9 2014q4/bin/../lib/gcc/arm-none-eabi/4.9.3/../../../../arm-none-eabi/lib/armv7-m\libg_nano.a(lib_a-strncasecmp.o)
                0x08015ac4                strncasecmp
 .text.strncpy  0x08015b08       0x24 c:/program files (x86)/gnu tools arm embedded/4.9 2014q4/bin/../lib/gcc/arm-none-eabi/4.9.3/../../../../arm-none-eabi/lib/armv7-m\libg_nano.a(lib_a-strncpy.o)
                0x08015b08                strncpy
 .text.strstr   0x08015b2c       0x30 c:/program files (x86)/gnu tools arm embedded/4.9 2014q4/bin/../lib/gcc/arm-none-eabi/4.9.3/../../../../arm-none-eabi/lib/armv7-m\libg_nano.a(lib_a-strstr.o)
                0x08015b2c                strstr
 .text.atoi     0x08015b5c        0x8 c:/program files (x86)/gnu tools arm embedded/4.9 2014q4/bin/../lib/gcc/arm-none-eabi/4.9.3/../../../../arm-none-eabi/lib/armv7-m\libc_nano.a(lib_a-atoi.o)
                0x08015b5c                atoi
 .text.bsearch  0x08015b64       0x48 c:/program files (x86)/gnu tools arm embedded/4.9 2014q4/bin/../lib/gcc/arm-none-eabi/4.9.3/../../../../arm-none-eabi/lib/armv7-m\libc_nano.a(lib_a-bsearch.o)
                0x08015b64                bsearch
 .text.strtok   0x08015bac       0x64 c:/program files (x86)/gnu tools arm embedded/4.9 2014q4/bin/../lib/gcc/arm-none-eabi/4.9.3/../../../../arm-none-eabi/lib/armv7-m\libc_nano.a(lib_a-strtok.o)
                0x08015bac                strtok
 .text.__strtok_r
                0x08015c10       0x56 c:/program files (x86)/gnu tools arm embedded/4.9 2014q4/bin/../lib/gcc/arm-none-eabi/4.9.3/../../../../arm-none-eabi/lib/armv7-m\libc_nano.a(lib_a-strtok_r.o)
                0x08015c10                __strtok_r
 *fill*         0x08015c66        0x2 
 .text._strtol_r
                0x08015c68      0x10c c:/program files (x86)/gnu tools arm embedded/4.9 2014q4/bin/../lib/gcc/arm-none-eabi/4.9.3/../../../../arm-none-eabi/lib/armv7-m\libc_nano.a(lib_a-strtol.o)
                0x08015c68                _strtol_r
 .text.strtol   0x08015d74       0x1c c:/program files (x86)/gnu tools arm embedded/4.9 2014q4/bin/../lib/gcc/arm-none-eabi/4.9.3/../../../../arm-none-eabi/lib/armv7-m\libc_nano.a(lib_a-strtol.o)
                0x08015d74                strtol
 .text.malloc   0x08015d90       0x10 c:/program files (x86)/gnu tools arm embedded/4.9 2014q4/bin/../lib/gcc/arm-none-eabi/4.9.3/../../../../arm-none-eabi/lib/armv7-m\libc_nano.a(lib_a-malloc.o)
                0x08015d90                malloc
 .text._malloc_r
                0x08015da0       0xac c:/program files (x86)/gnu tools arm embedded/4.9 2014q4/bin/../lib/gcc/arm-none-eabi/4.9.3/../../../../arm-none-eabi/lib/armv7-m\libc_nano.a(lib_a-nano-mallocr.o)
                0x08015da0                _malloc_r
 .text._sbrk_r  0x08015e4c       0x20 c:/program files (x86)/gnu tools arm embedded/4.9 2014q4/bin/../lib/gcc/arm-none-eabi/4.9.3/../../../../arm-none-eabi/lib/armv7-m\libc_nano.a(lib_a-sbrkr.o)
                0x08015e4c                _sbrk_r
 .text._sbrk    0x08015e6c       0x1c c:/program files (x86)/gnu tools arm embedded/4.9 2014q4/bin/../lib/gcc/arm-none-eabi/4.9.3/../../../../arm-none-eabi/lib/armv7-m\libnosys.a(sbrk.o)
                0x08015e6c                _sbrk
 .text.round    0x08015e88       0xa0 c:/program files (x86)/gnu tools arm embedded/4.9 2014q4/bin/../lib/gcc/arm-none-eabi/4.9.3/../../../../arm-none-eabi/lib/armv7-m\libm.a(lib_a-s_round.o)
                0x08015e88                round
 .text.cosf     0x08015f28       0x6c c:/program files (x86)/gnu tools arm embedded/4.9 2014q4/bin/../lib/gcc/arm-none-eabi/4.9.3/../../../../arm-none-eabi/lib/armv7-m\libm.a(lib_a-sf_cos.o)
                0x08015f28                cosf
 .text.lrintf   0x08015f94       0x78 c:/program files (x86)/gnu tools arm embedded/4.9 2014q4/bin/../lib/gcc/arm-none-eabi/4.9.3/../../../../arm-none-eabi/lib/armv7-m\libm.a(lib_a-sf_lrint.o)
                0x08015f94                lrintf
 .text.sinf     0x0801600c       0x7c c:/program files (x86)/gnu tools arm embedded/4.9 2014q4/bin/../lib/gcc/arm-none-eabi/4.9.3/../../../../arm-none-eabi/lib/armv7-m\libm.a(lib_a-sf_sin.o)
                0x0801600c                sinf
 .text.tanf     0x08016088       0x50 c:/program files (x86)/gnu tools arm embedded/4.9 2014q4/bin/../lib/gcc/arm-none-eabi/4.9.3/../../../../arm-none-eabi/lib/armv7-m\libm.a(lib_a-sf_tan.o)
                0x08016088                tanf
 .text.acosf    0x080160d8       0xa0 c:/program files (x86)/gnu tools arm embedded/4.9 2014q4/bin/../lib/gcc/arm-none-eabi/4.9.3/../../../../arm-none-eabi/lib/armv7-m\libm.a(lib_a-wf_acos.o)
                0x080160d8                acosf
 .text.atan2f   0x08016178        0x4 c:/program files (x86)/gnu tools arm embedded/4.9 2014q4/bin/../lib/gcc/arm-none-eabi/4.9.3/../../../../arm-none-eabi/lib/armv7-m\libm.a(lib_a-wf_atan2.o)
                0x08016178                atan2f
 .text.powf     0x0801617c      0x314 c:/program files (x86)/gnu tools arm embedded/4.9 2014q4/bin/../lib/gcc/arm-none-eabi/4.9.3/../../../../arm-none-eabi/lib/armv7-m\libm.a(lib_a-wf_pow.o)
                0x0801617c                powf
 .text.sqrtf    0x08016490       0x9c c:/program files (x86)/gnu tools arm embedded/4.9 2014q4/bin/../lib/gcc/arm-none-eabi/4.9.3/../../../../arm-none-eabi/lib/armv7-m\libm.a(lib_a-wf_sqrt.o)
                0x08016490                sqrtf
 .text.__ieee754_acosf
                0x0801652c      0x2d0 c:/program files (x86)/gnu tools arm embedded/4.9 2014q4/bin/../lib/gcc/arm-none-eabi/4.9.3/../../../../arm-none-eabi/lib/armv7-m\libm.a(lib_a-ef_acos.o)
                0x0801652c                __ieee754_acosf
 .text.__ieee754_atan2f
                0x080167fc      0x120 c:/program files (x86)/gnu tools arm embedded/4.9 2014q4/bin/../lib/gcc/arm-none-eabi/4.9.3/../../../../arm-none-eabi/lib/armv7-m\libm.a(lib_a-ef_atan2.o)
                0x080167fc                __ieee754_atan2f
 .text.__ieee754_powf
                0x0801691c      0x6ec c:/program files (x86)/gnu tools arm embedded/4.9 2014q4/bin/../lib/gcc/arm-none-eabi/4.9.3/../../../../arm-none-eabi/lib/armv7-m\libm.a(lib_a-ef_pow.o)
                0x0801691c                __ieee754_powf
 .text.__ieee754_rem_pio2f
                0x08017008      0x2e4 c:/program files (x86)/gnu tools arm embedded/4.9 2014q4/bin/../lib/gcc/arm-none-eabi/4.9.3/../../../../arm-none-eabi/lib/armv7-m\libm.a(lib_a-ef_rem_pio2.o)
                0x08017008                __ieee754_rem_pio2f
 .text.__ieee754_sqrtf
                0x080172ec       0xa8 c:/program files (x86)/gnu tools arm embedded/4.9 2014q4/bin/../lib/gcc/arm-none-eabi/4.9.3/../../../../arm-none-eabi/lib/armv7-m\libm.a(lib_a-ef_sqrt.o)
                0x080172ec                __ieee754_sqrtf
 .text.__kernel_cosf
                0x08017394      0x188 c:/program files (x86)/gnu tools arm embedded/4.9 2014q4/bin/../lib/gcc/arm-none-eabi/4.9.3/../../../../arm-none-eabi/lib/armv7-m\libm.a(lib_a-kf_cos.o)
                0x08017394                __kernel_cosf
 .text.__kernel_rem_pio2f
                0x0801751c      0x674 c:/program files (x86)/gnu tools arm embedded/4.9 2014q4/bin/../lib/gcc/arm-none-eabi/4.9.3/../../../../arm-none-eabi/lib/armv7-m\libm.a(lib_a-kf_rem_pio2.o)
                0x0801751c                __kernel_rem_pio2f
 .text.__kernel_sinf
                0x08017b90       0xec c:/program files (x86)/gnu tools arm embedded/4.9 2014q4/bin/../lib/gcc/arm-none-eabi/4.9.3/../../../../arm-none-eabi/lib/armv7-m\libm.a(lib_a-kf_sin.o)
                0x08017b90                __kernel_sinf
 .text.__kernel_tanf
                0x08017c7c      0x270 c:/program files (x86)/gnu tools arm embedded/4.9 2014q4/bin/../lib/gcc/arm-none-eabi/4.9.3/../../../../arm-none-eabi/lib/armv7-m\libm.a(lib_a-kf_tan.o)
                0x08017c7c                __kernel_tanf
 .text.matherr  0x08017eec        0x4 c:/program files (x86)/gnu tools arm embedded/4.9 2014q4/bin/../lib/gcc/arm-none-eabi/4.9.3/../../../../arm-none-eabi/lib/armv7-m\libm.a(lib_a-s_matherr.o)
                0x08017eec                matherr
 .text.nan      0x08017ef0        0xc c:/program files (x86)/gnu tools arm embedded/4.9 2014q4/bin/../lib/gcc/arm-none-eabi/4.9.3/../../../../arm-none-eabi/lib/armv7-m\libm.a(lib_a-s_nan.o)
                0x08017ef0                nan
 .text.rint     0x08017efc      0x11c c:/program files (x86)/gnu tools arm embedded/4.9 2014q4/bin/../lib/gcc/arm-none-eabi/4.9.3/../../../../arm-none-eabi/lib/armv7-m\libm.a(lib_a-s_rint.o)
                0x08017efc                rint
 .text.atanf    0x08018018      0x22c c:/program files (x86)/gnu tools arm embedded/4.9 2014q4/bin/../lib/gcc/arm-none-eabi/4.9.3/../../../../arm-none-eabi/lib/armv7-m\libm.a(lib_a-sf_atan.o)
                0x08018018                atanf
 .text.fabsf    0x08018244        0x8 c:/program files (x86)/gnu tools arm embedded/4.9 2014q4/bin/../lib/gcc/arm-none-eabi/4.9.3/../../../../arm-none-eabi/lib/armv7-m\libm.a(lib_a-sf_fabs.o)
                0x08018244                fabsf
 .text.finitef  0x0801824c       0x10 c:/program files (x86)/gnu tools arm embedded/4.9 2014q4/bin/../lib/gcc/arm-none-eabi/4.9.3/../../../../arm-none-eabi/lib/armv7-m\libm.a(lib_a-sf_finite.o)
                0x0801824c                finitef
 .text.floorf   0x0801825c       0x8c c:/program files (x86)/gnu tools arm embedded/4.9 2014q4/bin/../lib/gcc/arm-none-eabi/4.9.3/../../../../arm-none-eabi/lib/armv7-m\libm.a(lib_a-sf_floor.o)
                0x0801825c                floorf
 .text.__fpclassifyf
                0x080182e8       0x34 c:/program files (x86)/gnu tools arm embedded/4.9 2014q4/bin/../lib/gcc/arm-none-eabi/4.9.3/../../../../arm-none-eabi/lib/armv7-m\libm.a(lib_a-sf_fpclassify.o)
                0x080182e8                __fpclassifyf
 .text.nanf     0x0801831c        0x8 c:/program files (x86)/gnu tools arm embedded/4.9 2014q4/bin/../lib/gcc/arm-none-eabi/4.9.3/../../../../arm-none-eabi/lib/armv7-m\libm.a(lib_a-sf_nan.o)
                0x0801831c                nanf
 .text.scalbnf  0x08018324       0xb0 c:/program files (x86)/gnu tools arm embedded/4.9 2014q4/bin/../lib/gcc/arm-none-eabi/4.9.3/../../../../arm-none-eabi/lib/armv7-m\libm.a(lib_a-sf_scalbn.o)
                0x08018324                scalbnf
 .text.copysignf
                0x080183d4        0xc c:/program files (x86)/gnu tools arm embedded/4.9 2014q4/bin/../lib/gcc/arm-none-eabi/4.9.3/../../../../arm-none-eabi/lib/armv7-m\libm.a(lib_a-sf_copysign.o)
                0x080183d4                copysignf
 .text.__errno  0x080183e0        0xc c:/program files (x86)/gnu tools arm embedded/4.9 2014q4/bin/../lib/gcc/arm-none-eabi/4.9.3/../../../../arm-none-eabi/lib/armv7-m\libc_nano.a(lib_a-errno.o)
                0x080183e0                __errno
 *(.rodata)
 .rodata        0x080183ec      0x124 C:\Users\rkao\AppData\Local\Temp\cc4b7omr.ltrans0.ltrans.o
                0x0801849c                hsv_white
 .rodata        0x08018510      0x144 C:\Users\rkao\AppData\Local\Temp\cc4b7omr.ltrans1.ltrans.o
                0x08018510                gpsInitData.lto_priv.359
 .rodata        0x08018654       0x3c C:\Users\rkao\AppData\Local\Temp\cc4b7omr.ltrans3.ltrans.o
 .rodata        0x08018690      0x2d4 C:\Users\rkao\AppData\Local\Temp\cc4b7omr.ltrans4.ltrans.o
 .rodata        0x08018964      0x150 C:\Users\rkao\AppData\Local\Temp\cc4b7omr.ltrans5.ltrans.o
                0x08018994                boxes.lto_priv.269
                0x08018aa8                shortGitRevision
                0x08018aac                buildTime
                0x08018ab0                buildDate
 .rodata        0x08018ab4       0x34 C:\Users\rkao\AppData\Local\Temp\cc4b7omr.ltrans6.ltrans.o
                0x08018ac8                baudRates
 .rodata        0x08018ae8       0x30 C:\Users\rkao\AppData\Local\Temp\cc4b7omr.ltrans7.ltrans.o
 .rodata        0x08018b18      0x5ec C:\Users\rkao\AppData\Local\Temp\cc4b7omr.ltrans10.ltrans.o
                0x08018b94                mixers
                0x08018c54                mixerAtail4.lto_priv.448
                0x08018c94                mixerDualcopter.lto_priv.447
                0x08018cb4                mixerHex6H.lto_priv.446
                0x08018d14                mixerVtail4.lto_priv.445
                0x08018d54                mixerOctoFlatX.lto_priv.444
                0x08018dd4                mixerOctoFlatP.lto_priv.443
                0x08018e54                mixerOctoX8.lto_priv.442
                0x08018ed4                mixerHex6X.lto_priv.441
                0x08018f34                mixerY4.lto_priv.440
                0x08018f74                mixerHex6P.lto_priv.439
                0x08018fd4                mixerY6.lto_priv.438
                0x08019034                mixerBi.lto_priv.437
                0x08019054                mixerQuadX.lto_priv.436
                0x08019094                mixerQuadP.lto_priv.435
                0x080190d4                mixerTri.lto_priv.434
 .rodata        0x08019104       0x28 C:\Users\rkao\AppData\Local\Temp\cc4b7omr.ltrans11.ltrans.o
 .rodata        0x0801912c        0x2 C:\Users\rkao\AppData\Local\Temp\cc4b7omr.ltrans13.ltrans.o
                0x0801912c                rcAliasToAngleIndexMap
 .rodata        0x0801912e       0x24 C:\Users\rkao\AppData\Local\Temp\cc4b7omr.ltrans14.ltrans.o
 .rodata        0x08019152      0x2a3 C:\Users\rkao\AppData\Local\Temp\cc4b7omr.ltrans16.ltrans.o
 .rodata        0x080193f5       0x14 C:\Users\rkao\AppData\Local\Temp\cc4b7omr.ltrans17.ltrans.o
 *fill*         0x08019409        0x3 
 .rodata        0x0801940c      0xf90 C:\Users\rkao\AppData\Local\Temp\cc4b7omr.ltrans18.ltrans.o
                0x0801940c                beeperTable.lto_priv.232
                0x0801959c                valueTable
                0x0801a190                mixerNames.lto_priv.217
                0x0801a1f0                cmdTable
                0x0801a340                beep_armedBeep.lto_priv.251
                0x0801a345                beep_disarmRepeatBeep.lto_priv.250
                0x0801a349                beep_readyBeep.lto_priv.249
                0x0801a358                beep_2longerBeeps.lto_priv.248
                0x0801a35d                beep_2shortBeeps.lto_priv.247
                0x0801a362                beep_shortBeep.lto_priv.246
                0x0801a365                beep_lowBatteryBeep.lto_priv.245
                0x0801a368                beep_critBatteryBeep.lto_priv.244
                0x0801a36b                beep_armedGpsFix.lto_priv.243
                0x0801a374                beep_armingBeep.lto_priv.242
                0x0801a379                beep_disarmBeep.lto_priv.241
                0x0801a37e                beep_txLostBeep.lto_priv.240
                0x0801a381                beep_sos.lto_priv.239
                0x0801a394                beep_gyroCalibrated.lto_priv.238
 .rodata        0x0801a39c       0x20 C:\Users\rkao\AppData\Local\Temp\cc4b7omr.ltrans21.ltrans.o
 .rodata        0x0801a3bc       0x18 C:\Users\rkao\AppData\Local\Temp\cc4b7omr.ltrans23.ltrans.o
                0x0801a3bc                angleIndexToPidIndexMap.lto_priv.309
                0x0801a3c0                defaultBMP085Config.7222.lto_priv.405
 .rodata        0x0801a3d4       0xe4 C:\Users\rkao\AppData\Local\Temp\cc4b7omr.ltrans25.ltrans.o
                0x0801a494                hsv_blue
                0x0801a4a4                hsv_green
                0x0801a4ac                hsv_yellow
                0x0801a4b0                hsv_orange
                0x0801a4b4                hsv_red
 *(.rodata*)
 .rodata.timerHardware
                0x0801a4b8       0xe0 C:\Users\rkao\AppData\Local\Temp\cc4b7omr.ltrans0.ltrans.o
                0x0801a4b8                timerHardware
 .rodata.hsv_black
                0x0801a598        0x4 C:\Users\rkao\AppData\Local\Temp\cc4b7omr.ltrans1.ltrans.o
                0x0801a598                hsv_black
 .rodata.str1.1
                0x0801a59c       0xfb C:\Users\rkao\AppData\Local\Temp\cc4b7omr.ltrans1.ltrans.o
                                 0xfc (size before relaxing)
 .rodata.str1.1
                0x0801a697       0x6d C:\Users\rkao\AppData\Local\Temp\cc4b7omr.ltrans2.ltrans.o
                                 0x70 (size before relaxing)
 .rodata.str1.1
                0x0801a704      0x265 C:\Users\rkao\AppData\Local\Temp\cc4b7omr.ltrans4.ltrans.o
                                0x270 (size before relaxing)
 .rodata.str1.1
                0x0801a969       0xb9 C:\Users\rkao\AppData\Local\Temp\cc4b7omr.ltrans5.ltrans.o
                                 0xd6 (size before relaxing)
 .rodata.frSkyDataIdTable
                0x0801aa22       0x20 C:\Users\rkao\AppData\Local\Temp\cc4b7omr.ltrans6.ltrans.o
 .rodata.serialPortIdentifiers
                0x0801aa42        0x5 C:\Users\rkao\AppData\Local\Temp\cc4b7omr.ltrans6.ltrans.o
                0x0801aa42                serialPortIdentifiers
 .rodata.str1.1
                0x0801aa47      0x4f8 C:\Users\rkao\AppData\Local\Temp\cc4b7omr.ltrans10.ltrans.o
                                0x527 (size before relaxing)
 .rodata.str1.1
                0x0801af3f       0x27 C:\Users\rkao\AppData\Local\Temp\cc4b7omr.ltrans12.ltrans.o
 .rodata.str1.1
                0x0801af66       0x34 C:\Users\rkao\AppData\Local\Temp\cc4b7omr.ltrans13.ltrans.o
                                 0x58 (size before relaxing)
 .rodata.str1.1
                0x0801af9a      0xfa5 C:\Users\rkao\AppData\Local\Temp\cc4b7omr.ltrans18.ltrans.o
                               0x1085 (size before relaxing)
 .rodata.cyclePageIds
                0x0801bf3f        0x5 C:\Users\rkao\AppData\Local\Temp\cc4b7omr.ltrans21.ltrans.o
 .rodata.str1.1
                0x0801bf44      0x126 C:\Users\rkao\AppData\Local\Temp\cc4b7omr.ltrans21.ltrans.o
                                0x14b (size before relaxing)
 .rodata.str1.1
                0x0801c06a       0x19 C:\Users\rkao\AppData\Local\Temp\cc4b7omr.ltrans22.ltrans.o
                                 0x1c (size before relaxing)
 .rodata.rcChannelLetters
                0x0801c083       0x15 C:\Users\rkao\AppData\Local\Temp\cc4b7omr.ltrans23.ltrans.o
                0x0801c083                rcChannelLetters
 .rodata.str1.1
                0x0801c098        0x9 C:\Users\rkao\AppData\Local\Temp\cc4b7omr.ltrans25.ltrans.o
 .rodata._ctype_
                0x0801c0a1      0x101 c:/program files (x86)/gnu tools arm embedded/4.9 2014q4/bin/../lib/gcc/arm-none-eabi/4.9.3/../../../../arm-none-eabi/lib/armv7-m\libc_nano.a(lib_a-ctype_.o)
                0x0801c0a1                _ctype_
 .rodata.str1.1
                0x00000000        0x0 c:/program files (x86)/gnu tools arm embedded/4.9 2014q4/bin/../lib/gcc/arm-none-eabi/4.9.3/../../../../arm-none-eabi/lib/armv7-m\libc_nano.a(lib_a-impure.o)
                                  0x2 (size before relaxing)
 *fill*         0x0801c1a2        0x2 
 .rodata.TWO23  0x0801c1a4        0x8 c:/program files (x86)/gnu tools arm embedded/4.9 2014q4/bin/../lib/gcc/arm-none-eabi/4.9.3/../../../../arm-none-eabi/lib/armv7-m\libm.a(lib_a-sf_lrint.o)
 .rodata.str1.4
                0x0801c1ac        0x6 c:/program files (x86)/gnu tools arm embedded/4.9 2014q4/bin/../lib/gcc/arm-none-eabi/4.9.3/../../../../arm-none-eabi/lib/armv7-m\libm.a(lib_a-wf_acos.o)
                                  0xc (size before relaxing)
 *fill*         0x0801c1b2        0x2 
 .rodata.str1.4
                0x0801c1b4        0x5 c:/program files (x86)/gnu tools arm embedded/4.9 2014q4/bin/../lib/gcc/arm-none-eabi/4.9.3/../../../../arm-none-eabi/lib/armv7-m\libm.a(lib_a-wf_pow.o)
                                  0x8 (size before relaxing)
 *fill*         0x0801c1b9        0x3 
 .rodata.str1.4
                0x0801c1bc        0x8 c:/program files (x86)/gnu tools arm embedded/4.9 2014q4/bin/../lib/gcc/arm-none-eabi/4.9.3/../../../../arm-none-eabi/lib/armv7-m\libm.a(lib_a-wf_sqrt.o)
 .rodata.dp_h   0x0801c1c4        0x8 c:/program files (x86)/gnu tools arm embedded/4.9 2014q4/bin/../lib/gcc/arm-none-eabi/4.9.3/../../../../arm-none-eabi/lib/armv7-m\libm.a(lib_a-ef_pow.o)
 .rodata.dp_l   0x0801c1cc        0x8 c:/program files (x86)/gnu tools arm embedded/4.9 2014q4/bin/../lib/gcc/arm-none-eabi/4.9.3/../../../../arm-none-eabi/lib/armv7-m\libm.a(lib_a-ef_pow.o)
 .rodata.bp     0x0801c1d4        0x8 c:/program files (x86)/gnu tools arm embedded/4.9 2014q4/bin/../lib/gcc/arm-none-eabi/4.9.3/../../../../arm-none-eabi/lib/armv7-m\libm.a(lib_a-ef_pow.o)
 .rodata.str1.4
                0x00000000        0x4 c:/program files (x86)/gnu tools arm embedded/4.9 2014q4/bin/../lib/gcc/arm-none-eabi/4.9.3/../../../../arm-none-eabi/lib/armv7-m\libm.a(lib_a-ef_pow.o)
 .rodata.npio2_hw
                0x0801c1dc       0x80 c:/program files (x86)/gnu tools arm embedded/4.9 2014q4/bin/../lib/gcc/arm-none-eabi/4.9.3/../../../../arm-none-eabi/lib/armv7-m\libm.a(lib_a-ef_rem_pio2.o)
 .rodata.two_over_pi
                0x0801c25c      0x318 c:/program files (x86)/gnu tools arm embedded/4.9 2014q4/bin/../lib/gcc/arm-none-eabi/4.9.3/../../../../arm-none-eabi/lib/armv7-m\libm.a(lib_a-ef_rem_pio2.o)
 .rodata.init_jk
                0x0801c574        0xc c:/program files (x86)/gnu tools arm embedded/4.9 2014q4/bin/../lib/gcc/arm-none-eabi/4.9.3/../../../../arm-none-eabi/lib/armv7-m\libm.a(lib_a-kf_rem_pio2.o)
 .rodata.PIo2   0x0801c580       0x2c c:/program files (x86)/gnu tools arm embedded/4.9 2014q4/bin/../lib/gcc/arm-none-eabi/4.9.3/../../../../arm-none-eabi/lib/armv7-m\libm.a(lib_a-kf_rem_pio2.o)
 *fill*         0x0801c5ac        0x4 
 .rodata.TWO52  0x0801c5b0       0x10 c:/program files (x86)/gnu tools arm embedded/4.9 2014q4/bin/../lib/gcc/arm-none-eabi/4.9.3/../../../../arm-none-eabi/lib/armv7-m\libm.a(lib_a-s_rint.o)
 .rodata.atanlo
                0x0801c5c0       0x10 c:/program files (x86)/gnu tools arm embedded/4.9 2014q4/bin/../lib/gcc/arm-none-eabi/4.9.3/../../../../arm-none-eabi/lib/armv7-m\libm.a(lib_a-sf_atan.o)
 .rodata.atanhi
                0x0801c5d0       0x10 c:/program files (x86)/gnu tools arm embedded/4.9 2014q4/bin/../lib/gcc/arm-none-eabi/4.9.3/../../../../arm-none-eabi/lib/armv7-m\libm.a(lib_a-sf_atan.o)
 *(.glue_7)
 .glue_7        0x00000000        0x0 linker stubs
 *(.glue_7t)
 .glue_7t       0x00000000        0x0 linker stubs
 *(.eh_frame)
 *(.init)
 *(.fini)
                0x0801c5e0                . = ALIGN (0x4)
                0x0801c5e0                _etext = .

.vfp11_veneer   0x0801c5e0        0x0
 .vfp11_veneer  0x00000000        0x0 linker stubs

.v4_bx          0x0801c5e0        0x0
 .v4_bx         0x00000000        0x0 linker stubs

.iplt           0x0801c5e0        0x0
 .iplt          0x00000000        0x0 obj/main/NAZE/startup_stm32f10x_md_gcc.o

.ARM.extab
 *(.ARM.extab* .gnu.linkonce.armextab.*)

.ARM            0x0801c5e0        0x8
                0x0801c5e0                __exidx_start = .
 *(.ARM.exidx*)
 .ARM.exidx     0x0801c5e0        0x8 c:/program files (x86)/gnu tools arm embedded/4.9 2014q4/bin/../lib/gcc/arm-none-eabi/4.9.3/armv7-m\libgcc.a(_divdi3.o)
 .ARM.exidx     0x0801c5e8        0x0 c:/program files (x86)/gnu tools arm embedded/4.9 2014q4/bin/../lib/gcc/arm-none-eabi/4.9.3/armv7-m\libgcc.a(_udivdi3.o)
                                  0x8 (size before relaxing)
                0x0801c5e8                __exidx_end = .

.rel.dyn        0x0801c5e8        0x0
 .rel.iplt      0x00000000        0x0 obj/main/NAZE/startup_stm32f10x_md_gcc.o

.preinit_array  0x0801c5e8        0x0
                0x0801c5e8                PROVIDE (__preinit_array_start, .)
 *(.preinit_array*)
                0x0801c5e8                PROVIDE (__preinit_array_end, .)

.init_array     0x0801c5e8        0x0
                0x0801c5e8                PROVIDE (__init_array_start, .)
 *(SORT(.init_array.*))
 *(.init_array*)
                0x0801c5e8                PROVIDE (__init_array_end, .)

.fini_array     0x0801c5e8        0x0
                0x0801c5e8                PROVIDE (__fini_array_start, .)
 *(.fini_array*)
 *(SORT(.fini_array.*))
                0x0801c5e8                PROVIDE (__fini_array_end, .)
                0x0801c5e8                _sidata = .

.data           0x20000000       0xbc load address 0x0801c5e8
                0x20000000                . = ALIGN (0x4)
                0x20000000                _sdata = .
 *(.data)
 .data          0x20000000        0x3 C:\Users\rkao\AppData\Local\Temp\cc4b7omr.ltrans0.ltrans.o
                0x20000000                mpuLowPassFilter.lto_priv.388
                0x20000001                mpuLowPassFilter.lto_priv.387
                0x20000002                mpuLowPassFilter.lto_priv.389
 *fill*         0x20000003        0x1 
 .data          0x20000004       0x14 C:\Users\rkao\AppData\Local\Temp\cc4b7omr.ltrans1.ltrans.o
                0x20000004                measurement.lto_priv.476
 .data          0x20000018        0x4 C:\Users\rkao\AppData\Local\Temp\cc4b7omr.ltrans6.ltrans.o
                0x20000018                acc_1G
                0x2000001b                isUsingSticksToArm.lto_priv.259
 .data          0x2000001c        0xc C:\Users\rkao\AppData\Local\Temp\cc4b7omr.ltrans11.ltrans.o
 .data          0x20000028        0x1 C:\Users\rkao\AppData\Local\Temp\cc4b7omr.ltrans14.ltrans.o
 *fill*         0x20000029        0x3 
 .data          0x2000002c        0x8 C:\Users\rkao\AppData\Local\Temp\cc4b7omr.ltrans17.ltrans.o
                0x2000002c                hse_value
                0x20000030                standardBoardAlignment.lto_priv.417
 .data          0x20000034        0x4 C:\Users\rkao\AppData\Local\Temp\cc4b7omr.ltrans18.ltrans.o
 .data          0x20000038        0x4 C:\Users\rkao\AppData\Local\Temp\cc4b7omr.ltrans20.ltrans.o
                0x20000038                GPS_scaleLonDown.lto_priv.494
 .data          0x2000003c        0x1 C:\Users\rkao\AppData\Local\Temp\cc4b7omr.ltrans26.ltrans.o
                0x2000003c                shouldCheckPulse.lto_priv.314
 *(.data*)
 .data.batteryCellCount
                0x2000003d        0x1 C:\Users\rkao\AppData\Local\Temp\cc4b7omr.ltrans6.ltrans.o
                0x2000003d                batteryCellCount
 .data.GPS_hdop
                0x2000003e        0x2 C:\Users\rkao\AppData\Local\Temp\cc4b7omr.ltrans6.ltrans.o
                0x2000003e                GPS_hdop
 .data.pid_controller
                0x20000040        0x4 C:\Users\rkao\AppData\Local\Temp\cc4b7omr.ltrans13.ltrans.o
                0x20000040                pid_controller
 .data.detectedSensors
                0x20000044        0x4 C:\Users\rkao\AppData\Local\Temp\cc4b7omr.ltrans18.ltrans.o
                0x20000044                detectedSensors
 .data.SystemCoreClock
                0x20000048        0x4 C:\Users\rkao\AppData\Local\Temp\cc4b7omr.ltrans18.ltrans.o
                0x20000048                SystemCoreClock
 .data.blackboxWriteChunkSize
                0x2000004c        0x1 C:\Users\rkao\AppData\Local\Temp\cc4b7omr.ltrans24.ltrans.o
                0x2000004c                blackboxWriteChunkSize
 *fill*         0x2000004d        0x3 
 .data.__ctype_ptr__
                0x20000050        0x4 c:/program files (x86)/gnu tools arm embedded/4.9 2014q4/bin/../lib/gcc/arm-none-eabi/4.9.3/../../../../arm-none-eabi/lib/armv7-m\libc_nano.a(lib_a-ctype_.o)
                0x20000050                __ctype_ptr__
 .data.impure_data
                0x20000054       0x60 c:/program files (x86)/gnu tools arm embedded/4.9 2014q4/bin/../lib/gcc/arm-none-eabi/4.9.3/../../../../arm-none-eabi/lib/armv7-m\libc_nano.a(lib_a-impure.o)
 .data._impure_ptr
                0x200000b4        0x4 c:/program files (x86)/gnu tools arm embedded/4.9 2014q4/bin/../lib/gcc/arm-none-eabi/4.9.3/../../../../arm-none-eabi/lib/armv7-m\libc_nano.a(lib_a-impure.o)
                0x200000b4                _impure_ptr
 .data.__fdlib_version
                0x200000b8        0x1 c:/program files (x86)/gnu tools arm embedded/4.9 2014q4/bin/../lib/gcc/arm-none-eabi/4.9.3/../../../../arm-none-eabi/lib/armv7-m\libm.a(lib_a-s_lib_ver.o)
                0x200000b8                __fdlib_version
                0x200000bc                . = ALIGN (0x4)
 *fill*         0x200000b9        0x3 
                0x200000bc                _edata = .

.igot.plt       0x200000bc        0x0 load address 0x0801c6a4
 .igot.plt      0x00000000        0x0 obj/main/NAZE/startup_stm32f10x_md_gcc.o
                0x200000bc                . = ALIGN (0x4)

.bss            0x200000c0     0x3194 load address 0x0801c6a4
                0x200000c0                _sbss = .
                0x200000c0                __bss_start__ = _sbss
 *(.bss)
 .bss           0x200000c0      0x534 C:\Users\rkao\AppData\Local\Temp\cc4b7omr.ltrans0.ltrans.o
                0x200000c0                stdout_putf.lto_priv.458
                0x200000c4                stdout_putp.lto_priv.457
                0x200000e0                inputFilteringMode.lto_priv.518
                0x200000e4                ppmDev
                0x2000020c                servos.lto_priv.521
                0x20000234                displayPresent.lto_priv.488
                0x2000023c                mpu6050Config.lto_priv.537
                0x20000240                useFifo.lto_priv.538
                0x20000241                mpuAccelTrim.lto_priv.536
                0x20000244                ms5611_c.lto_priv.534
                0x20000258                bmp085.lto_priv.535
                0x2000027c                hmc5883Config.lto_priv.522
                0x20000288                gpsPacketLog
                0x2000029d                ledStripDMABuffer
                0x200005c8                telemetryConfig.lto_priv.345
                0x200005cc                portConfig.lto_priv.348
                0x200005d0                frskyPortSharing.lto_priv.486
                0x200005d4                portConfig.lto_priv.349
                0x200005d8                hottPortSharing.lto_priv.484
                0x200005e0                portConfig.lto_priv.350
                0x200005e4                mspPortSharing.lto_priv.482
                0x200005e8                telemetryConfig.lto_priv.347
                0x200005ec                portConfig.lto_priv.351
                0x200005f0                smartPortPortSharing.lto_priv.480
                0x200005f1                couldBeBusy.lto_priv.511
 *fill*         0x200005f4        0x4 
 .bss           0x200005f8      0x9a8 C:\Users\rkao\AppData\Local\Temp\cc4b7omr.ltrans1.ltrans.o
                0x20000600                spek_chan_shift.lto_priv.362
                0x20000604                rxRuntimeConfigPtr.lto_priv.361
                0x20000608                spek_chan_mask.lto_priv.363
                0x20000609                ppmFrameCount.lto_priv.520
                0x20000620                mag
                0x20000638                magInit.lto_priv.384
                0x20000644                baro
                0x20000668                barometerConfig
                0x2000076c                accVelScale
                0x20000778                pidProfile
                0x2000077c                lastMeasurementAt.lto_priv.357
                0x20000780                sonarHardware.lto_priv.356
                0x20000784                gpsData
                0x200007a4                gpsConfig.lto_priv.358
                0x200007ac                gyroAlign
                0x200007b0                gyroConfig.lto_priv.464
                0x20000808                accelerationTrims.lto_priv.462
                0x20000834                gyroScaleRad
                0x20000838                imuRuntimeConfig
                0x20000848                EstG
                0x20000854                smallAngle
                0x2000086c                fc_acc
                0x20000870                accDeadband
                0x20000874                previousTime
                0x200008dc                rcControlsConfig
                0x200008e4                escAndServoConfig
                0x200008ec                throttleAngleScale
                0x200008f0                mixerConfig.lto_priv.460
                0x200008f4                currentMixer.lto_priv.423
                0x200009b4                rxConfig.lto_priv.461
                0x200009b8                currentMixerMode.lto_priv.422
                0x200009bc                gimbalConfig.lto_priv.459
                0x200009c0                useServo.lto_priv.431
                0x200009c4                servoCount.lto_priv.421
                0x20000f18                motorControlEnable
                0x20000f19                ledStripInitialised.lto_priv.354
                0x20000f1a                ledColorBuffer.lto_priv.355
 .bss           0x20000fa0       0x40 C:\Users\rkao\AppData\Local\Temp\cc4b7omr.ltrans2.ltrans.o
                0x20000fa0                lookupYawRC
                0x20000fba                batteryCriticalVoltage
                0x20000fc4                amperageLatestADC
                0x20000fd0                printfSerialPort.lto_priv.456
                0x20000fd4                rxMspFrameDone.lto_priv.315
 .bss           0x20000fe0       0xf4 C:\Users\rkao\AppData\Local\Temp\cc4b7omr.ltrans3.ltrans.o
                0x20000fe0                rxUpdateAt.lto_priv.313
                0x20000ffc                rxConfig.lto_priv.262
                0x20001000                failsafeConfig.lto_priv.463
                0x20001004                disarmAt.lto_priv.267
                0x2000100b                AccInflightCalibrationMeasurementDone
                0x2000100c                AccInflightCalibrationSavetoEEProm
                0x2000100e                calibratingA
                0x20001010                InflightcalibratingA
                0x20001012                AccInflightCalibrationActive
                0x20001014                adjustmentStates
                0x20001046                magHold
                0x20001048                headFreeModeHold
                0x2000104a                nav_mode
                0x2000104c                gpsProfile.lto_priv.294
                0x20001052                nav_rated.lto_priv.296
                0x20001056                nav.lto_priv.295
                0x20001084                poshold_ratePID.lto_priv.490
                0x200010ac                navPID.lto_priv.491
 .bss           0x200010d4       0xd8 C:\Users\rkao\AppData\Local\Temp\cc4b7omr.ltrans5.ltrans.o
                0x200010d4                cycleTime
                0x200010d6                i2cErrorCount.lto_priv.199
                0x200010d8                rcModeActivationMask
                0x200010dc                activeBoxIdCount.lto_priv.383
                0x200010dd                activeBoxIds.lto_priv.382
                0x200010f4                gyroADC
                0x200010fa                magADC
                0x20001100                servo
                0x20001114                currentProfile
                0x20001118                motor
                0x20001130                EstAlt.lto_priv.297
                0x20001134                calculatedAltitude.lto_priv.312
                0x20001138                rssi
                0x2000113c                currentControlRateProfile
                0x20001140                GPS_ground_course
                0x20001142                GPS_update
                0x20001144                GPS_home
                0x2000114c                GPS_hold
                0x20001154                AltHold
                0x20001158                GPS_numCh
                0x20001159                GPS_svinfo_chn
                0x20001169                GPS_svinfo_svid
                0x20001179                GPS_svinfo_quality
                0x20001189                GPS_svinfo_cno
                0x20001199                serialPortCount.lto_priv.228
                0x2000119c                geometry.lto_priv.218
 .bss           0x200011ac      0x1a8 C:\Users\rkao\AppData\Local\Temp\cc4b7omr.ltrans6.ltrans.o
                0x200011ac                frskyTelemetryEnabled.lto_priv.487
                0x200011b6                accSmooth
                0x200011bc                vario
                0x200011c0                BaroAlt
                0x200011c4                heading
                0x200011c8                baroTemperature
                0x200011cc                rcCommand
                0x200011d4                batteryConfig
                0x200011d8                vbat
                0x200011dc                telemetryConfig.lto_priv.172
                0x200011e0                amperage
                0x200011e4                mAhDrawn
                0x200011e8                enabledSensors.lto_priv.190
                0x200011ec                stateFlags
                0x200011ee                GPS_speed
                0x200011f0                GPS_altitude
                0x200011f2                GPS_numSat
                0x200011f4                GPS_coord
                0x200011fc                hottTelemetryEnabled.lto_priv.485
                0x20001204                hottEAMMessage.lto_priv.352
                0x20001234                telemetryConfig.lto_priv.173
                0x20001238                batteryWarningVoltage
                0x2000123a                hottGPSMessage.lto_priv.353
                0x20001266                GPS_distanceToHome
                0x20001268                GPS_directionToHome
                0x20001270                hottPort.lto_priv.479
                0x20001282                mspTelemetryEnabled.lto_priv.483
                0x20001284                mspTelemetryPort.lto_priv.175
                0x20001288                mspTelemetryPort.lto_priv.176
                0x2000128c                currentPort.lto_priv.197
                0x20001290                mspSerialPort.lto_priv.198
                0x20001298                smartPortTelemetryEnabled.lto_priv.481
                0x2000129c                smartPortSerialPort.lto_priv.478
                0x200012a0                smartPortState
                0x200012ac                smartPortLastServiceTime.lto_priv.477
                0x200012b2                flightModeFlags
                0x200012b4                mspPorts.lto_priv.196
                0x2000134c                escAndServoConfig.lto_priv.256
                0x20001350                pidProfile.lto_priv.257
 .bss           0x20001354      0xaa0 C:\Users\rkao\AppData\Local\Temp\cc4b7omr.ltrans7.ltrans.o
 .bss           0x20001df4       0xb8 C:\Users\rkao\AppData\Local\Temp\cc4b7omr.ltrans8.ltrans.o
                0x20001dfc                errorGyroIf.lto_priv.261
                0x20001e08                dynP8
                0x20001e1c                dynD8
                0x20001e70                gyro
                0x20001ea4                failsafeState.lto_priv.254
 .bss           0x20001eac      0x180 C:\Users\rkao\AppData\Local\Temp\cc4b7omr.ltrans9.ltrans.o
                0x20001eac                tailIndexInPage.lto_priv.513
 .bss           0x2000202c       0x3c C:\Users\rkao\AppData\Local\Temp\cc4b7omr.ltrans10.ltrans.o
                0x2000202c                cliBuffer.lto_priv.271
                0x2000205c                bufferIndex.lto_priv.270
                0x20002060                colors
                0x20002064                ledConfigs
 .bss           0x20002068       0x1c C:\Users\rkao\AppData\Local\Temp\cc4b7omr.ltrans11.ltrans.o
                0x20002068                I2Cx.lto_priv.532
                0x2000206c                I2Cx_index.lto_priv.533
                0x2000206e                reading.lto_priv.526
                0x20002070                reg.lto_priv.524
                0x20002071                bytes.lto_priv.529
                0x20002072                addr.lto_priv.523
                0x20002074                read_p.lto_priv.527
                0x20002078                writing.lto_priv.525
                0x2000207c                write_p.lto_priv.528
                0x20002080                busy.lto_priv.530
                0x20002081                error.lto_priv.531
 .bss           0x20002084       0x14 C:\Users\rkao\AppData\Local\Temp\cc4b7omr.ltrans12.ltrans.o
 .bss           0x20002098      0x190 C:\Users\rkao\AppData\Local\Temp\cc4b7omr.ltrans13.ltrans.o
                0x20002098                PIDweight
                0x2000209c                errorGyroI.lto_priv.253
                0x200020cc                axisPID
                0x200020d4                axisPID_P
                0x200020e0                axisPID_I
                0x200020ec                axisPID_D
                0x200020fa                lookupThrottleRC
                0x20002112                lookupPitchRollRC
                0x20002120                usTicks.lto_priv.432
                0x20002124                exti15_10_handlers.lto_priv.411
                0x20002130                beeperIsOn.lto_priv.276
                0x20002134                beeperNextToggleTime.lto_priv.275
                0x20002138                beeperPos.lto_priv.277
                0x2000213c                currentBeeperEntry.lto_priv.274
                0x20002140                motors.lto_priv.424
                0x20002170                timerConfig
                0x20002210                escAndServoConfig.lto_priv.292
                0x20002214                flight3DConfig.lto_priv.293
                0x20002218                servoConf.lto_priv.291
                0x2000221c                anglerad
                0x20002224                magneticDeclination
 .bss           0x20002228       0x18 C:\Users\rkao\AppData\Local\Temp\cc4b7omr.ltrans14.ltrans.o
                0x20002234                ledCount
                0x2000223c                highestYValueForNorth
                0x2000223d                lowestXValueForEast
                0x2000223e                lowestYValueForSouth
                0x2000223f                highestXValueForWest
 .bss           0x20002240       0x18 C:\Users\rkao\AppData\Local\Temp\cc4b7omr.ltrans15.ltrans.o
 .bss           0x20002258       0xd4 C:\Users\rkao\AppData\Local\Temp\cc4b7omr.ltrans16.ltrans.o
 .bss           0x2000232c       0xe0 C:\Users\rkao\AppData\Local\Temp\cc4b7omr.ltrans17.ltrans.o
                0x2000232c                xBusChannelData.lto_priv.188
                0x2000234c                xBusFramePosition.lto_priv.374
                0x2000234d                xBusDataIncoming.lto_priv.373
                0x2000234e                xBusFrame.lto_priv.187
                0x2000236f                xBusFrameLength.lto_priv.375
                0x20002370                xBusProvider.lto_priv.377
                0x20002371                findSharedSerialPortState.lto_priv.268
                0x20002374                serialConfig.lto_priv.229
                0x20002378                serialPortUsageList.lto_priv.189
                0x200023bc                boardRotation.lto_priv.418
                0x200023e1                adcConfig
                0x200023f2                adcValues
                0x200023fa                vbatLatestADC
 .bss           0x2000240c       0x54 C:\Users\rkao\AppData\Local\Temp\cc4b7omr.ltrans18.ltrans.o
                0x2000240c                currentControlRateProfileIndex.lto_priv.258
                0x20002410                cliPort.lto_priv.216
                0x20002414                gpsPort.lto_priv.311
                0x20002418                pageState.lto_priv.260
                0x20002424                acc
                0x20002430                motor_disarmed
                0x20002448                beep_multiBeeps.lto_priv.230
 .bss           0x20002460       0xfc C:\Users\rkao\AppData\Local\Temp\cc4b7omr.ltrans19.ltrans.o
                0x20002460                uartPort3.lto_priv.515
                0x200024b4                uartPort2.lto_priv.516
                0x20002508                uartPort1.lto_priv.517
 .bss           0x2000255c       0xcc C:\Users\rkao\AppData\Local\Temp\cc4b7omr.ltrans20.ltrans.o
                0x200025c8                GPS_WP.lto_priv.495
                0x200025d0                wp_distance.lto_priv.496
                0x200025d4                target_bearing.lto_priv.497
                0x200025d8                error.lto_priv.501
                0x200025e0                posholdPID_PARAM.lto_priv.502
                0x200025f0                poshold_ratePID_PARAM.lto_priv.503
                0x20002604                waypoint_speed_gov.lto_priv.500
                0x20002608                original_target_bearing.lto_priv.499
                0x20002610                nav_bearing.lto_priv.498
                0x20002614                navPID_PARAM.lto_priv.504
                0x20002624                nav_takeoff_bearing.lto_priv.505
 .bss           0x20002628       0x34 C:\Users\rkao\AppData\Local\Temp\cc4b7omr.ltrans21.ltrans.o
                0x20002648                GPS_svInfoReceivedCount
                0x20002654                GPS_packetCount
 .bss           0x2000265c        0x8 C:\Users\rkao\AppData\Local\Temp\cc4b7omr.ltrans22.ltrans.o
 .bss           0x20002664      0x75c C:\Users\rkao\AppData\Local\Temp\cc4b7omr.ltrans23.ltrans.o
                0x20002666                phase.lto_priv.298
                0x20002667                autoTuneAngleIndex.lto_priv.303
                0x20002668                pidController.lto_priv.308
                0x20002669                pidIndex.lto_priv.300
                0x2000266a                rising.lto_priv.304
                0x2000266c                inclination
                0x20002670                targetAngle.lto_priv.302
                0x20002674                activeFeaturesLatch.lto_priv.174
                0x2000267c                firstPeakAngle.lto_priv.307
                0x20002680                secondPeakAngle.lto_priv.306
                0x20002684                cycle.lto_priv.305
                0x20002688                pid.lto_priv.301
                0x20002694                pidProfile.lto_priv.299
                0x20002698                sysTickUptime.lto_priv.171
                0x200026a0                string.7975.lto_priv.493
                0x200026b0                rcData
                0x200026d4                masterConfig
 .bss           0x20002dc0      0x1c0 C:\Users\rkao\AppData\Local\Temp\cc4b7omr.ltrans24.ltrans.o
                0x20002dc0                blackboxState.lto_priv.344
                0x20002dc1                blackboxPortSharing.lto_priv.466
                0x20002dc4                blackboxPort.lto_priv.465
                0x20002dc8                gpsHistory.lto_priv.467
                0x20002ddc                blackboxHistory.lto_priv.468
                0x20002de8                blackboxHistoryRing.lto_priv.469
                0x20002f5c                vbatReference.lto_priv.472
                0x20002f60                blackboxConditionCache.lto_priv.470
                0x20002f64                blackboxLastArmingBeep.lto_priv.471
                0x20002f68                armingBeepTimeMicros.lto_priv.278
                0x20002f6c                xmitState.lto_priv.340
                0x20002f74                blackboxIFrameIndex.lto_priv.343
                0x20002f78                blackboxPFrameIndex.lto_priv.342
                0x20002f7c                blackboxIteration.lto_priv.341
 .bss           0x20002f80       0x88 C:\Users\rkao\AppData\Local\Temp\cc4b7omr.ltrans25.ltrans.o
                0x20002f80                tailAddress.lto_priv.510
                0x20002f84                bufferHead.lto_priv.507
                0x20002f85                flashWriteBuffer.lto_priv.508
                0x20003005                shouldFlush.lto_priv.506
                0x20003006                bufferTail.lto_priv.509
 .bss           0x20003008      0x210 C:\Users\rkao\AppData\Local\Temp\cc4b7omr.ltrans26.ltrans.o
                0x20003008                spekHiRes.lto_priv.364
                0x2000300c                spekChannelData.lto_priv.329
                0x2000303c                sumhChannels.lto_priv.319
                0x2000305c                sumdChannels.lto_priv.323
                0x2000309c                sbusChannelData.lto_priv.326
                0x200030e4                captures.lto_priv.519
                0x20003105                spekFrame.lto_priv.328
                0x20003115                rcFrameComplete.lto_priv.327
                0x20003121                sumhFrame.lto_priv.318
                0x20003136                sumhFrameDone.lto_priv.317
                0x2000313d                sumdFrameDone.lto_priv.320
                0x2000313e                sumdChannelCount.lto_priv.322
                0x2000313f                sumd.lto_priv.321
                0x20003169                sbusFrame.lto_priv.325
                0x20003182                sbusFrameDone.lto_priv.324
                0x20003183                xBusChannelCount.lto_priv.376
                0x20003184                xBusFrameReceived.lto_priv.316
                0x20003188                rcReadRawFunc.lto_priv.360
                0x2000318c                rxConfig.lto_priv.263
                0x20003190                rxRuntimeConfig
                0x20003193                rxSignalReceived.lto_priv.255
                0x20003194                rcSampleIndex.lto_priv.264
                0x20003210                warningLedState.lto_priv.231
                0x20003214                warningLedTimer.lto_priv.273
 .bss           0x20003218        0x1 C:\Users\rkao\AppData\Local\Temp\cc4b7omr.ltrans27.ltrans.o
                0x20003218                systemState.lto_priv.335
 *(.bss*)
 .bss.accAlign  0x20003219        0x1 C:\Users\rkao\AppData\Local\Temp\cc4b7omr.ltrans1.ltrans.o
                0x20003219                accAlign
 *fill*         0x2000321a        0x2 
 .bss.accTimeSum
                0x2000321c        0x4 C:\Users\rkao\AppData\Local\Temp\cc4b7omr.ltrans1.ltrans.o
 .bss.magAlign  0x20003220        0x1 C:\Users\rkao\AppData\Local\Temp\cc4b7omr.ltrans1.ltrans.o
                0x20003220                magAlign
 *fill*         0x20003221        0x3 
 .bss.setVelocity
                0x20003224        0x4 C:\Users\rkao\AppData\Local\Temp\cc4b7omr.ltrans1.ltrans.o
 .bss.ws2811LedDataTransferInProgress
                0x20003228        0x1 C:\Users\rkao\AppData\Local\Temp\cc4b7omr.ltrans1.ltrans.o
                0x20003228                ws2811LedDataTransferInProgress
 *fill*         0x20003229        0x3 
 .bss.currentTime
                0x2000322c        0x4 C:\Users\rkao\AppData\Local\Temp\cc4b7omr.ltrans3.ltrans.o
                0x2000322c                currentTime
 .bss.calibratingB
                0x20003230        0x2 C:\Users\rkao\AppData\Local\Temp\cc4b7omr.ltrans3.ltrans.o
                0x20003230                calibratingB
 .bss.calibratingG
                0x20003232        0x2 C:\Users\rkao\AppData\Local\Temp\cc4b7omr.ltrans3.ltrans.o
                0x20003232                calibratingG
 .bss.hardwareRevision
                0x20003234        0x1 C:\Users\rkao\AppData\Local\Temp\cc4b7omr.ltrans5.ltrans.o
                0x20003234                hardwareRevision
 .bss.armingFlags
                0x20003235        0x1 C:\Users\rkao\AppData\Local\Temp\cc4b7omr.ltrans6.ltrans.o
                0x20003235                armingFlags
 .bss.cliMode   0x20003236        0x1 C:\Users\rkao\AppData\Local\Temp\cc4b7omr.ltrans10.ltrans.o
                0x20003236                cliMode
 *fill*         0x20003237        0x1 
 .bss.GPS_angle
                0x20003238        0x4 C:\Users\rkao\AppData\Local\Temp\cc4b7omr.ltrans13.ltrans.o
                0x20003238                GPS_angle
 .bss.systemBeepPtr
                0x2000323c        0x4 C:\Users\rkao\AppData\Local\Temp\cc4b7omr.ltrans13.ltrans.o
                0x2000323c                systemBeepPtr
 .bss.motorCount